Archive member included to satisfy reference by file (symbol)

c:/st/stm32cubeide_1.11.0/stm32cubeide/plugins/com.st.stm32cube.ide.mcu.externaltools.gnu-tools-for-stm32.10.3-2021.10.win32_1.0.100.202210260954/tools/bin/../lib/gcc/arm-none-eabi/10.3.1/../../../../arm-none-eabi/lib/thumb/v7e-m+fp/hard\libc_nano.a(lib_a-errno.o)
                              ./Core/Src/syscalls.o (__errno)
c:/st/stm32cubeide_1.11.0/stm32cubeide/plugins/com.st.stm32cube.ide.mcu.externaltools.gnu-tools-for-stm32.10.3-2021.10.win32_1.0.100.202210260954/tools/bin/../lib/gcc/arm-none-eabi/10.3.1/../../../../arm-none-eabi/lib/thumb/v7e-m+fp/hard\libc_nano.a(lib_a-exit.o)
                              c:/st/stm32cubeide_1.11.0/stm32cubeide/plugins/com.st.stm32cube.ide.mcu.externaltools.gnu-tools-for-stm32.10.3-2021.10.win32_1.0.100.202210260954/tools/bin/../lib/gcc/arm-none-eabi/10.3.1/../../../../arm-none-eabi/lib/thumb/v7e-m+fp/hard/crt0.o (exit)
c:/st/stm32cubeide_1.11.0/stm32cubeide/plugins/com.st.stm32cube.ide.mcu.externaltools.gnu-tools-for-stm32.10.3-2021.10.win32_1.0.100.202210260954/tools/bin/../lib/gcc/arm-none-eabi/10.3.1/../../../../arm-none-eabi/lib/thumb/v7e-m+fp/hard\libc_nano.a(lib_a-impure.o)
                              c:/st/stm32cubeide_1.11.0/stm32cubeide/plugins/com.st.stm32cube.ide.mcu.externaltools.gnu-tools-for-stm32.10.3-2021.10.win32_1.0.100.202210260954/tools/bin/../lib/gcc/arm-none-eabi/10.3.1/../../../../arm-none-eabi/lib/thumb/v7e-m+fp/hard\libc_nano.a(lib_a-exit.o) (_global_impure_ptr)
c:/st/stm32cubeide_1.11.0/stm32cubeide/plugins/com.st.stm32cube.ide.mcu.externaltools.gnu-tools-for-stm32.10.3-2021.10.win32_1.0.100.202210260954/tools/bin/../lib/gcc/arm-none-eabi/10.3.1/../../../../arm-none-eabi/lib/thumb/v7e-m+fp/hard\libc_nano.a(lib_a-init.o)
                              c:/st/stm32cubeide_1.11.0/stm32cubeide/plugins/com.st.stm32cube.ide.mcu.externaltools.gnu-tools-for-stm32.10.3-2021.10.win32_1.0.100.202210260954/tools/bin/../lib/gcc/arm-none-eabi/10.3.1/../../../../arm-none-eabi/lib/thumb/v7e-m+fp/hard/crt0.o (__libc_init_array)
c:/st/stm32cubeide_1.11.0/stm32cubeide/plugins/com.st.stm32cube.ide.mcu.externaltools.gnu-tools-for-stm32.10.3-2021.10.win32_1.0.100.202210260954/tools/bin/../lib/gcc/arm-none-eabi/10.3.1/../../../../arm-none-eabi/lib/thumb/v7e-m+fp/hard\libc_nano.a(lib_a-memcpy-stub.o)
                              ./Core/Src/queue.o (memcpy)
c:/st/stm32cubeide_1.11.0/stm32cubeide/plugins/com.st.stm32cube.ide.mcu.externaltools.gnu-tools-for-stm32.10.3-2021.10.win32_1.0.100.202210260954/tools/bin/../lib/gcc/arm-none-eabi/10.3.1/../../../../arm-none-eabi/lib/thumb/v7e-m+fp/hard\libc_nano.a(lib_a-memset.o)
                              c:/st/stm32cubeide_1.11.0/stm32cubeide/plugins/com.st.stm32cube.ide.mcu.externaltools.gnu-tools-for-stm32.10.3-2021.10.win32_1.0.100.202210260954/tools/bin/../lib/gcc/arm-none-eabi/10.3.1/../../../../arm-none-eabi/lib/thumb/v7e-m+fp/hard/crt0.o (memset)
c:/st/stm32cubeide_1.11.0/stm32cubeide/plugins/com.st.stm32cube.ide.mcu.externaltools.gnu-tools-for-stm32.10.3-2021.10.win32_1.0.100.202210260954/tools/bin/../lib/gcc/arm-none-eabi/10.3.1/../../../../arm-none-eabi/lib/thumb/v7e-m+fp/hard\libc_nano.a(lib_a-rand.o)
                              ./Core/Src/main.o (srand)
c:/st/stm32cubeide_1.11.0/stm32cubeide/plugins/com.st.stm32cube.ide.mcu.externaltools.gnu-tools-for-stm32.10.3-2021.10.win32_1.0.100.202210260954/tools/bin/../lib/gcc/arm-none-eabi/10.3.1/../../../../arm-none-eabi/lib/thumb/v7e-m+fp/hard\libc_nano.a(lib_a-sprintf.o)
                              ./Core/Src/main.o (sprintf)
c:/st/stm32cubeide_1.11.0/stm32cubeide/plugins/com.st.stm32cube.ide.mcu.externaltools.gnu-tools-for-stm32.10.3-2021.10.win32_1.0.100.202210260954/tools/bin/../lib/gcc/arm-none-eabi/10.3.1/../../../../arm-none-eabi/lib/thumb/v7e-m+fp/hard\libc_nano.a(lib_a-strlen.o)
                              ./Core/Src/hc05.o (strlen)
c:/st/stm32cubeide_1.11.0/stm32cubeide/plugins/com.st.stm32cube.ide.mcu.externaltools.gnu-tools-for-stm32.10.3-2021.10.win32_1.0.100.202210260954/tools/bin/../lib/gcc/arm-none-eabi/10.3.1/../../../../arm-none-eabi/lib/thumb/v7e-m+fp/hard\libc_nano.a(lib_a-strstr.o)
                              ./Core/Src/main.o (strstr)
c:/st/stm32cubeide_1.11.0/stm32cubeide/plugins/com.st.stm32cube.ide.mcu.externaltools.gnu-tools-for-stm32.10.3-2021.10.win32_1.0.100.202210260954/tools/bin/../lib/gcc/arm-none-eabi/10.3.1/../../../../arm-none-eabi/lib/thumb/v7e-m+fp/hard\libc_nano.a(lib_a-time.o)
                              ./Core/Src/main.o (time)
c:/st/stm32cubeide_1.11.0/stm32cubeide/plugins/com.st.stm32cube.ide.mcu.externaltools.gnu-tools-for-stm32.10.3-2021.10.win32_1.0.100.202210260954/tools/bin/../lib/gcc/arm-none-eabi/10.3.1/../../../../arm-none-eabi/lib/thumb/v7e-m+fp/hard\libc_nano.a(lib_a-assert.o)
[...]
Memory Configuration

Name             Origin             Length             Attributes
CCMRAM           0x0000000010000000 0x0000000000010000 xrw
RAM              0x0000000020000000 0x0000000000020000 xrw
FLASH            0x0000000008000000 0x0000000000100000 xr
*default*        0x0000000000000000 0xffffffffffffffff

Linker script and memory map

LOAD c:/st/stm32cubeide_1.11.0/stm32cubeide/plugins/com.st.stm32cube.ide.mcu.externaltools.gnu-tools-for-stm32.10.3-2021.10.win32_1.0.100.202210260954/tools/bin/../lib/gcc/arm-none-eabi/10.3.1/thumb/v7e-m+fp/hard/crti.o
LOAD c:/st/stm32cubeide_1.11.0/stm32cubeide/plugins/com.st.stm32cube.ide.mcu.externaltools.gnu-tools-for-stm32.10.3-2021.10.win32_1.0.100.202210260954/tools/bin/../lib/gcc/arm-none-eabi/10.3.1/thumb/v7e-m+fp/hard/crtbegin.o
LOAD c:/st/stm32cubeide_1.11.0/stm32cubeide/plugins/com.st.stm32cube.ide.mcu.externaltools.gnu-tools-for-stm32.10.3-2021.10.win32_1.0.100.202210260954/tools/bin/../lib/gcc/arm-none-eabi/10.3.1/../../../../arm-none-eabi/lib/thumb/v7e-m+fp/hard/crt0.o
LOAD ./Core/Src/croutine.o
LOAD ./Core/Src/event_groups.o
LOAD ./Core/Src/gpio.o
LOAD ./Core/Src/hc05.o
LOAD ./Core/Src/heap_4.o
LOAD ./Core/Src/i2c.o
LOAD ./Core/Src/list.o
LOAD ./Core/Src/m95640_driver.o
LOAD ./Core/Src/main.o
LOAD ./Core/Src/max30102.o
LOAD ./Core/Src/port.o
LOAD ./Core/Src/queue.o
LOAD ./Core/Src/spi.o
LOAD ./Core/Src/stm32f4xx_hal_msp.o
LOAD ./Core/Src/stm32f4xx_hal_timebase_tim.o
LOAD ./Core/Src/stm32f4xx_it.o
LOAD ./Core/Src/stream_buffer.o
LOAD ./Core/Src/syscalls.o
LOAD ./Core/Src/sysmem.o
LOAD ./Core/Src/system_stm32f4xx.o
LOAD ./Core/Src/tasks.o
LOAD ./Core/Src/timers.o
LOAD ./Core/Src/usart.o
LOAD ./Core/Startup/startup_stm32f405rgtx.o
LOAD ./Drivers/STM32F4xx_HAL_Driver/Src/stm32f4xx_hal.o
LOAD ./Drivers/STM32F4xx_HAL_Driver/Src/stm32f4xx_hal_cortex.o
LOAD ./Drivers/STM32F4xx_HAL_Driver/Src/stm32f4xx_hal_dma.o
LOAD ./Drivers/STM32F4xx_HAL_Driver/Src/stm32f4xx_hal_dma_ex.o
LOAD ./Drivers/STM32F4xx_HAL_Driver/Src/stm32f4xx_hal_exti.o
LOAD ./Drivers/STM32F4xx_HAL_Driver/Src/stm32f4xx_hal_flash.o
LOAD ./Drivers/STM32F4xx_HAL_Driver/Src/stm32f4xx_hal_flash_ex.o
LOAD ./Drivers/STM32F4xx_HAL_Driver/Src/stm32f4xx_hal_flash_ramfunc.o
LOAD ./Drivers/STM32F4xx_HAL_Driver/Src/stm32f4xx_hal_gpio.o
LOAD ./Drivers/STM32F4xx_HAL_Driver/Src/stm32f4xx_hal_i2c.o
LOAD ./Drivers/STM32F4xx_HAL_Driver/Src/stm32f4xx_hal_i2c_ex.o
LOAD ./Drivers/STM32F4xx_HAL_Driver/Src/stm32f4xx_hal_pwr.o
LOAD ./Drivers/STM32F4xx_HAL_Driver/Src/stm32f4xx_hal_pwr_ex.o
LOAD ./Drivers/STM32F4xx_HAL_Driver/Src/stm32f4xx_hal_rcc.o
LOAD ./Drivers/STM32F4xx_HAL_Driver/Src/stm32f4xx_hal_rcc_ex.o
LOAD ./Drivers/STM32F4xx_HAL_Driver/Src/stm32f4xx_hal_spi.o
LOAD ./Drivers/STM32F4xx_HAL_Driver/Src/stm32f4xx_hal_tim.o
LOAD ./Drivers/STM32F4xx_HAL_Driver/Src/stm32f4xx_hal_tim_ex.o
LOAD ./Drivers/STM32F4xx_HAL_Driver/Src/stm32f4xx_hal_uart.o
START GROUP
LOAD c:/st/stm32cubeide_1.11.0/stm32cubeide/plugins/com.st.stm32cube.ide.mcu.externaltools.gnu-tools-for-stm32.10.3-2021.10.win32_1.0.100.202210260954/tools/bin/../lib/gcc/arm-none-eabi/10.3.1/../../../../arm-none-eabi/lib/thumb/v7e-m+fp/hard\libc_nano.a
LOAD c:/st/stm32cubeide_1.11.0/stm32cubeide/plugins/com.st.stm32cube.ide.mcu.externaltools.gnu-tools-for-stm32.10.3-2021.10.win32_1.0.100.202210260954/tools/bin/../lib/gcc/arm-none-eabi/10.3.1/../../../../arm-none-eabi/lib/thumb/v7e-m+fp/hard\libm.a
END GROUP
START GROUP
LOAD c:/st/stm32cubeide_1.11.0/stm32cubeide/plugins/com.st.stm32cube.ide.mcu.externaltools.gnu-tools-for-stm32.10.3-2021.10.win32_1.0.100.202210260954/tools/bin/../lib/gcc/arm-none-eabi/10.3.1/thumb/v7e-m+fp/hard\libgcc.a
LOAD c:/st/stm32cubeide_1.11.0/stm32cubeide/plugins/com.st.stm32cube.ide.mcu.externaltools.gnu-tools-for-stm32.10.3-2021.10.win32_1.0.100.202210260954/tools/bin/../lib/gcc/arm-none-eabi/10.3.1/../../../../arm-none-eabi/lib/thumb/v7e-m+fp/hard\libc_nano.a
END GROUP
START GROUP
LOAD c:/st/stm32cubeide_1.11.0/stm32cubeide/plugins/com.st.stm32cube.ide.mcu.externaltools.gnu-tools-for-stm32.10.3-2021.10.win32_1.0.100.202210260954/tools/bin/../lib/gcc/arm-none-eabi/10.3.1/thumb/v7e-m+fp/hard\libgcc.a
LOAD c:/st/stm32cubeide_1.11.0/stm32cubeide/plugins/com.st.stm32cube.ide.mcu.externaltools.gnu-tools-for-stm32.10.3-2021.10.win32_1.0.100.202210260954/tools/bin/../lib/gcc/arm-none-eabi/10.3.1/../../../../arm-none-eabi/lib/thumb/v7e-m+fp/hard\libc_nano.a
LOAD c:/st/stm32cubeide_1.11.0/stm32cubeide/plugins/com.st.stm32cube.ide.mcu.externaltools.gnu-tools-for-stm32.10.3-2021.10.win32_1.0.100.202210260954/tools/bin/../lib/gcc/arm-none-eabi/10.3.1/../../../../arm-none-eabi/lib/thumb/v7e-m+fp/hard\libnosys.a
END GROUP
START GROUP
LOAD c:/st/stm32cubeide_1.11.0/stm32cubeide/plugins/com.st.stm32cube.ide.mcu.externaltools.gnu-tools-for-stm32.10.3-2021.10.win32_1.0.100.202210260954/tools/bin/../lib/gcc/arm-none-eabi/10.3.1/thumb/v7e-m+fp/hard\libgcc.a
LOAD c:/st/stm32cubeide_1.11.0/stm32cubeide/plugins/com.st.stm32cube.ide.mcu.externaltools.gnu-tools-for-stm32.10.3-2021.10.win32_1.0.100.202210260954/tools/bin/../lib/gcc/arm-none-eabi/10.3.1/../../../../arm-none-eabi/lib/thumb/v7e-m+fp/hard\libc_nano.a
LOAD c:/st/stm32cubeide_1.11.0/stm32cubeide/plugins/com.st.stm32cube.ide.mcu.externaltools.gnu-tools-for-stm32.10.3-2021.10.win32_1.0.100.202210260954/tools/bin/../lib/gcc/arm-none-eabi/10.3.1/../../../../arm-none-eabi/lib/thumb/v7e-m+fp/hard\libnosys.a
END GROUP
LOAD c:/st/stm32cubeide_1.11.0/stm32cubeide/plugins/com.st.stm32cube.ide.mcu.externaltools.gnu-tools-for-stm32.10.3-2021.10.win32_1.0.100.202210260954/tools/bin/../lib/gcc/arm-none-eabi/10.3.1/thumb/v7e-m+fp/hard/crtend.o
LOAD c:/st/stm32cubeide_1.11.0/stm32cubeide/plugins/com.st.stm32cube.ide.mcu.externaltools.gnu-tools-for-stm32.10.3-2021.10.win32_1.0.100.202210260954/tools/bin/../lib/gcc/arm-none-eabi/10.3.1/thumb/v7e-m+fp/hard/crtn.o
                0x0000000020020000                _estack = (ORIGIN (RAM) + LENGTH (RAM))
                0x0000000000000200                _Min_Heap_Size = 0x200
                0x0000000000000400                _Min_Stack_Size = 0x400

.isr_vector     0x0000000008000000      0x188
                0x0000000008000000                . = ALIGN (0x4)
 *(.isr_vector)
 .isr_vector    0x0000000008000000      0x188 ./Core/Startup/startup_stm32f405rgtx.o
                0x0000000008000000                g_pfnVectors
                0x0000000008000188                . = ALIGN (0x4)

.text           0x0000000008000190     0x7500
                0x0000000008000190                . = ALIGN (0x4)
 *(.text)
 .text          0x0000000008000190       0x40 c:/st/stm32cubeide_1.11.0/stm32cubeide/plugins/com.st.stm32cube.ide.mcu.externaltools.gnu-tools-for-stm32.10.3-2021.10.win32_1.0.100.202210260954/tools/bin/../lib/gcc/arm-none-eabi/10.3.1/thumb/v7e-m+fp/hard/crtbegin.o
 .text          0x00000000080001d0       0x10 c:/st/stm32cubeide_1.11.0/stm32cubeide/plugins/com.st.stm32cube.ide.mcu.externaltools.gnu-tools-for-stm32.10.3-2021.10.win32_1.0.100.202210260954/tools/bin/../lib/gcc/arm-none-eabi/10.3.1/../../../../arm-none-eabi/lib/thumb/v7e-m+fp/hard\libc_nano.a(lib_a-strlen.o)
                0x00000000080001d0                strlen
 .text          0x00000000080001e0       0xa0 c:/st/stm32cubeide_1.11.0/stm32cubeide/plugins/com.st.stm32cube.ide.mcu.externaltools.gnu-tools-for-stm32.10.3-2021.10.win32_1.0.100.202210260954/tools/bin/../lib/gcc/arm-none-eabi/10.3.1/../../../../arm-none-eabi/lib/thumb/v7e-m+fp/hard\libc_nano.a(lib_a-memchr.o)
                0x00000000080001e0                memchr
 .text          0x0000000008000280       0x30 c:/st/stm32cubeide_1.11.0/stm32cubeide/plugins/com.st.stm32cube.ide.mcu.externaltools.gnu-tools-for-stm32.10.3-2021.10.win32_1.0.100.202210260954/tools/bin/../lib/gcc/arm-none-eabi/10.3.1/thumb/v7e-m+fp/hard\libgcc.a(_aeabi_uldivmod.o)
                0x0000000008000280                __aeabi_uldivmod
 .text          0x00000000080002b0      0x2d0 c:/st/stm32cubeide_1.11.0/stm32cubeide/plugins/com.st.stm32cube.ide.mcu.externaltools.gnu-tools-for-stm32.10.3-2021.10.win32_1.0.100.202210260954/tools/bin/../lib/gcc/arm-none-eabi/10.3.1/thumb/v7e-m+fp/hard\libgcc.a(_udivmoddi4.o)
                0x00000000080002b0                __udivmoddi4
 .text          0x0000000008000580        0x4 c:/st/stm32cubeide_1.11.0/stm32cubeide/plugins/com.st.stm32cube.ide.mcu.externaltools.gnu-tools-for-stm32.10.3-2021.10.win32_1.0.100.202210260954/tools/bin/../lib/gcc/arm-none-eabi/10.3.1/thumb/v7e-m+fp/hard\libgcc.a(_dvmd_tls.o)
                0x0000000008000580                __aeabi_idiv0
                0x0000000008000580                __aeabi_ldiv0
 *(.text*)
 .text.MX_GPIO_Init
                0x0000000008000584       0xec ./Core/Src/gpio.o
                0x0000000008000584                MX_GPIO_Init
 .text.hc05_init
                0x0000000008000670       0x2c ./Core/Src/hc05.o
                0x0000000008000670                hc05_init
 .text.pvPortMalloc
                0x000000000800069c      0x174 ./Core/Src/heap_4.o
                0x000000000800069c                pvPortMalloc
 .text.vPortFree
                0x0000000008000810       0xb8 ./Core/Src/heap_4.o
                0x0000000008000810                vPortFree
 .text.prvHeapInit
                0x00000000080008c8       0xb8 ./Core/Src/heap_4.o
 .text.prvInsertBlockIntoFreeList
                0x0000000008000980       0xb4 ./Core/Src/heap_4.o
 .text.MX_I2C1_Init
                0x0000000008000a34       0x5c ./Core/Src/i2c.o
                0x0000000008000a34                MX_I2C1_Init
 .text.HAL_I2C_MspInit
                0x0000000008000a90       0x90 ./Core/Src/i2c.o
                0x0000000008000a90                HAL_I2C_MspInit
 .text.vListInitialise
                0x0000000008000b20       0x40 ./Core/Src/list.o
                0x0000000008000b20                vListInitialise
 .text.vListInitialiseItem
                0x0000000008000b60       0x1a ./Core/Src/list.o
                0x0000000008000b60                vListInitialiseItem
 .text.vListInsert
                0x0000000008000b7a       0x72 ./Core/Src/list.o
                0x0000000008000b7a                vListInsert
 .text.uxListRemove
                0x0000000008000bec       0x54 ./Core/Src/list.o
                0x0000000008000bec                uxListRemove
 .text.SpiEepromInit_HAL
                0x0000000008000c40      0x100 ./Core/Src/m95640_driver.o
                0x0000000008000c40                SpiEepromInit_HAL
 .text.clear_app_buffer
                0x0000000008000d40       0x24 ./Core/Src/main.o
                0x0000000008000d40                clear_app_buffer
 .text.esp32_send_command
                0x0000000008000d64       0x30 ./Core/Src/main.o
                0x0000000008000d64                esp32_send_command
 .text.esp32_wait_for_response
                0x0000000008000d94       0x48 ./Core/Src/main.o
                0x0000000008000d94                esp32_wait_for_response
 .text.getRandom_0_to_50
                0x0000000008000ddc       0x30 ./Core/Src/main.o
                0x0000000008000ddc                getRandom_0_to_50
 .text.getRandom_90_to_110
                0x0000000008000e0c       0x30 ./Core/Src/main.o
                0x0000000008000e0c                getRandom_90_to_110
 .text.main     0x0000000008000e3c       0x78 ./Core/Src/main.o
                0x0000000008000e3c                main
 .text.SystemClock_Config
                0x0000000008000eb4       0xd4 ./Core/Src/main.o
                0x0000000008000eb4                SystemClock_Config
 .text.thingSpeakTask
                0x0000000008000f88      0x24c ./Core/Src/main.o
                0x0000000008000f88                thingSpeakTask
 .text.HAL_UART_RxCpltCallback
                0x00000000080011d4       0x7c ./Core/Src/main.o
                0x00000000080011d4                HAL_UART_RxCpltCallback
 .text.HAL_TIM_PeriodElapsedCallback
                0x0000000008001250       0x24 ./Core/Src/main.o
                0x0000000008001250                HAL_TIM_PeriodElapsedCallback
 .text.Error_Handler
                0x0000000008001274        0xa ./Core/Src/main.o
                0x0000000008001274                Error_Handler
 *fill*         0x000000000800127e        0x2 
 .text.pxPortInitialiseStack
                0x0000000008001280       0x68 ./Core/Src/port.o
                0x0000000008001280                pxPortInitialiseStack
 .text.prvTaskExitError
                0x00000000080012e8       0x58 ./Core/Src/port.o
 .text.SVC_Handler
                0x0000000008001340       0x28 ./Core/Src/port.o
                0x0000000008001340                SVC_Handler
 .text.prvPortStartFirstTask
                0x0000000008001368       0x2c ./Core/Src/port.o
 .text.xPortStartScheduler
                0x0000000008001394      0x144 ./Core/Src/port.o
                0x0000000008001394                xPortStartScheduler
 .text.vPortEnterCritical
                0x00000000080014d8       0x60 ./Core/Src/port.o
                0x00000000080014d8                vPortEnterCritical
 .text.vPortExitCritical
                0x0000000008001538       0x54 ./Core/Src/port.o
                0x0000000008001538                vPortExitCritical
 *fill*         0x000000000800158c        0x4 
 .text.PendSV_Handler
                0x0000000008001590       0x68 ./Core/Src/port.o
                0x0000000008001590                PendSV_Handler
 .text.SysTick_Handler
                0x00000000080015f8       0x44 ./Core/Src/port.o
                0x00000000080015f8                SysTick_Handler
 .text.vPortSetupTimerInterrupt
                0x000000000800163c       0x48 ./Core/Src/port.o
                0x000000000800163c                vPortSetupTimerInterrupt
 .text.vPortEnableVFP
                0x0000000008001684       0x18 ./Core/Src/port.o
 .text.xQueueGenericReset
                0x000000000800169c      0x120 ./Core/Src/queue.o
                0x000000000800169c                xQueueGenericReset
 .text.xQueueGenericCreate
                0x00000000080017bc       0x9c ./Core/Src/queue.o
                0x00000000080017bc                xQueueGenericCreate
 .text.prvInitialiseNewQueue
                0x0000000008001858       0x46 ./Core/Src/queue.o
 *fill*         0x000000000800189e        0x2 
 .text.xQueueReceive
                0x00000000080018a0      0x1c0 ./Core/Src/queue.o
                0x00000000080018a0                xQueueReceive
 .text.prvCopyDataFromQueue
                0x0000000008001a60       0x4c ./Core/Src/queue.o
 .text.prvUnlockQueue
                0x0000000008001aac       0xa4 ./Core/Src/queue.o
 .text.prvIsQueueEmpty
                0x0000000008001b50       0x2c ./Core/Src/queue.o
 .text.vQueueAddToRegistry
                0x0000000008001b7c       0x9c ./Core/Src/queue.o
                0x0000000008001b7c                vQueueAddToRegistry
 .text.vQueueWaitForMessageRestricted
                0x0000000008001c18       0x68 ./Core/Src/queue.o
                0x0000000008001c18                vQueueWaitForMessageRestricted
 .text.MX_SPI1_Init
                0x0000000008001c80       0x6c ./Core/Src/spi.o
                0x0000000008001c80                MX_SPI1_Init
 .text.HAL_SPI_MspInit
                0x0000000008001cec       0x90 ./Core/Src/spi.o
                0x0000000008001cec                HAL_SPI_MspInit
 .text.HAL_MspInit
                0x0000000008001d7c       0x50 ./Core/Src/stm32f4xx_hal_msp.o
                0x0000000008001d7c                HAL_MspInit
 .text.HAL_InitTick
                0x0000000008001dcc       0xe8 ./Core/Src/stm32f4xx_hal_timebase_tim.o
                0x0000000008001dcc                HAL_InitTick
 .text.NMI_Handler
                0x0000000008001eb4        0xa ./Core/Src/stm32f4xx_it.o
                0x0000000008001eb4                NMI_Handler
 .text.HardFault_Handler
                0x0000000008001ebe        0x6 ./Core/Src/stm32f4xx_it.o
                0x0000000008001ebe                HardFault_Handler
 .text.MemManage_Handler
                0x0000000008001ec4        0x6 ./Core/Src/stm32f4xx_it.o
                0x0000000008001ec4                MemManage_Handler
 .text.BusFault_Handler
                0x0000000008001eca        0x6 ./Core/Src/stm32f4xx_it.o
                0x0000000008001eca                BusFault_Handler
 .text.UsageFault_Handler
                0x0000000008001ed0        0x6 ./Core/Src/stm32f4xx_it.o
                0x0000000008001ed0                UsageFault_Handler
 .text.DebugMon_Handler
                0x0000000008001ed6        0xe ./Core/Src/stm32f4xx_it.o
                0x0000000008001ed6                DebugMon_Handler
 .text.TIM1_UP_TIM10_IRQHandler
                0x0000000008001ee4       0x14 ./Core/Src/stm32f4xx_it.o
                0x0000000008001ee4                TIM1_UP_TIM10_IRQHandler
 .text.USART3_IRQHandler
                0x0000000008001ef8       0x14 ./Core/Src/stm32f4xx_it.o
                0x0000000008001ef8                USART3_IRQHandler
 .text._getpid  0x0000000008001f0c       0x10 ./Core/Src/syscalls.o
                0x0000000008001f0c                _getpid
 .text._kill    0x0000000008001f1c       0x20 ./Core/Src/syscalls.o
                0x0000000008001f1c                _kill
 .text._exit    0x0000000008001f3c       0x14 ./Core/Src/syscalls.o
                0x0000000008001f3c                _exit
 .text._read    0x0000000008001f50       0x3a ./Core/Src/syscalls.o
                0x0000000008001f50                _read
 .text._write   0x0000000008001f8a       0x38 ./Core/Src/syscalls.o
                0x0000000008001f8a                _write
 .text._close   0x0000000008001fc2       0x18 ./Core/Src/syscalls.o
                0x0000000008001fc2                _close
 .text._fstat   0x0000000008001fda       0x20 ./Core/Src/syscalls.o
                0x0000000008001fda                _fstat
 .text._isatty  0x0000000008001ffa       0x16 ./Core/Src/syscalls.o
                0x0000000008001ffa                _isatty
 .text._lseek   0x0000000008002010       0x1a ./Core/Src/syscalls.o
                0x0000000008002010                _lseek
 *fill*         0x000000000800202a        0x2 
 .text._sbrk    0x000000000800202c       0x6c ./Core/Src/sysmem.o
                0x000000000800202c                _sbrk
 .text.SystemInit
                0x0000000008002098       0x24 ./Core/Src/system_stm32f4xx.o
                0x0000000008002098                SystemInit
 .text.xTaskCreate
                0x00000000080020bc       0x8c ./Core/Src/tasks.o
                0x00000000080020bc                xTaskCreate
 .text.prvInitialiseNewTask
                0x0000000008002148      0x11c ./Core/Src/tasks.o
 .text.prvAddNewTaskToReadyList
                0x0000000008002264      0x12c ./Core/Src/tasks.o
 .text.vTaskDelay
                0x0000000008002390       0x68 ./Core/Src/tasks.o
                0x0000000008002390                vTaskDelay
 .text.vTaskStartScheduler
                0x00000000080023f8       0xa4 ./Core/Src/tasks.o
                0x00000000080023f8                vTaskStartScheduler
 .text.vTaskSuspendAll
                0x000000000800249c       0x1c ./Core/Src/tasks.o
                0x000000000800249c                vTaskSuspendAll
 .text.xTaskResumeAll
                0x00000000080024b8      0x1f8 ./Core/Src/tasks.o
                0x00000000080024b8                xTaskResumeAll
 .text.xTaskGetTickCount
                0x00000000080026b0       0x20 ./Core/Src/tasks.o
                0x00000000080026b0                xTaskGetTickCount
 .text.xTaskIncrementTick
                0x00000000080026d0      0x22c ./Core/Src/tasks.o
                0x00000000080026d0                xTaskIncrementTick
 .text.vTaskSwitchContext
                0x00000000080028fc       0xb8 ./Core/Src/tasks.o
                0x00000000080028fc                vTaskSwitchContext
 .text.vTaskPlaceOnEventList
                0x00000000080029b4       0x48 ./Core/Src/tasks.o
                0x00000000080029b4                vTaskPlaceOnEventList
 .text.vTaskPlaceOnEventListRestricted
                0x00000000080029fc       0x8c ./Core/Src/tasks.o
                0x00000000080029fc                vTaskPlaceOnEventListRestricted
 .text.xTaskRemoveFromEventList
                0x0000000008002a88      0x1ac ./Core/Src/tasks.o
                0x0000000008002a88                xTaskRemoveFromEventList
 .text.vTaskInternalSetTimeOutState
                0x0000000008002c34       0x2c ./Core/Src/tasks.o
                0x0000000008002c34                vTaskInternalSetTimeOutState
 .text.xTaskCheckForTimeOut
                0x0000000008002c60       0xcc ./Core/Src/tasks.o
                0x0000000008002c60                xTaskCheckForTimeOut
 .text.vTaskMissedYield
                0x0000000008002d2c       0x18 ./Core/Src/tasks.o
                0x0000000008002d2c                vTaskMissedYield
 .text.prvIdleTask
                0x0000000008002d44       0x30 ./Core/Src/tasks.o
 .text.prvInitialiseTaskLists
                0x0000000008002d74       0x80 ./Core/Src/tasks.o
 .text.prvCheckTasksWaitingTermination
                0x0000000008002df4       0x5c ./Core/Src/tasks.o
 .text.prvDeleteTCB
                0x0000000008002e50       0x20 ./Core/Src/tasks.o
 .text.prvResetNextTaskUnblockTime
                0x0000000008002e70       0x38 ./Core/Src/tasks.o
 .text.xTaskGetSchedulerState
                0x0000000008002ea8       0x3c ./Core/Src/tasks.o
                0x0000000008002ea8                xTaskGetSchedulerState
 .text.prvAddCurrentTaskToDelayedList
                0x0000000008002ee4      0x100 ./Core/Src/tasks.o
 .text.xTimerCreateTimerTask
                0x0000000008002fe4       0x64 ./Core/Src/timers.o
                0x0000000008002fe4                xTimerCreateTimerTask
 .text.prvReloadTimer
                0x0000000008003048       0x42 ./Core/Src/timers.o
 *fill*         0x000000000800308a        0x2 
 .text.prvProcessExpiredTimer
                0x000000000800308c       0x60 ./Core/Src/timers.o
 .text.prvTimerTask
                0x00000000080030ec       0x24 ./Core/Src/timers.o
 .text.prvProcessTimerOrBlockTask
                0x0000000008003110       0x9c ./Core/Src/timers.o
 .text.prvGetNextExpireTime
                0x00000000080031ac       0x48 ./Core/Src/timers.o
 .text.prvSampleTimeNow
                0x00000000080031f4       0x40 ./Core/Src/timers.o
 .text.prvInsertTimerInActiveList
                0x0000000008003234       0x84 ./Core/Src/timers.o
 .text.prvProcessReceivedCommands
                0x00000000080032b8      0x17c ./Core/Src/timers.o
 .text.prvSwitchTimerLists
                0x0000000008003434       0x4c ./Core/Src/timers.o
 .text.prvCheckForValidListAndQueue
                0x0000000008003480       0x6c ./Core/Src/timers.o
 .text.MX_USART2_UART_Init
                0x00000000080034ec       0x54 ./Core/Src/usart.o
                0x00000000080034ec                MX_USART2_UART_Init
 .text.MX_USART3_UART_Init
                0x0000000008003540       0x54 ./Core/Src/usart.o
                0x0000000008003540                MX_USART3_UART_Init
 .text.HAL_UART_MspInit
                0x0000000008003594      0x10c ./Core/Src/usart.o
                0x0000000008003594                HAL_UART_MspInit
 .text.Reset_Handler
                0x00000000080036a0       0x50 ./Core/Startup/startup_stm32f405rgtx.o
                0x00000000080036a0                Reset_Handler
 .text.Default_Handler
                0x00000000080036f0        0x2 ./Core/Startup/startup_stm32f405rgtx.o
                0x00000000080036f0                RTC_Alarm_IRQHandler
                0x00000000080036f0                HASH_RNG_IRQHandler
                0x00000000080036f0                EXTI2_IRQHandler
                0x00000000080036f0                TIM8_CC_IRQHandler
                0x00000000080036f0                TIM1_CC_IRQHandler
                0x00000000080036f0                DMA2_Stream5_IRQHandler
                0x00000000080036f0                DMA1_Stream5_IRQHandler
                0x00000000080036f0                PVD_IRQHandler
                0x00000000080036f0                SDIO_IRQHandler
                0x00000000080036f0                TAMP_STAMP_IRQHandler
                0x00000000080036f0                CAN2_RX1_IRQHandler
                0x00000000080036f0                EXTI3_IRQHandler
                0x00000000080036f0                TIM8_TRG_COM_TIM14_IRQHandler
                0x00000000080036f0                TIM8_UP_TIM13_IRQHandler
                0x00000000080036f0                I2C3_ER_IRQHandler
                0x00000000080036f0                EXTI0_IRQHandler
                0x00000000080036f0                I2C2_EV_IRQHandler
                0x00000000080036f0                DMA1_Stream2_IRQHandler
                0x00000000080036f0                CAN1_RX0_IRQHandler
                0x00000000080036f0                FPU_IRQHandler
                0x00000000080036f0                OTG_HS_WKUP_IRQHandler
                0x00000000080036f0                CAN2_SCE_IRQHandler
                0x00000000080036f0                DMA2_Stream2_IRQHandler
                0x00000000080036f0                SPI1_IRQHandler
                0x00000000080036f0                TIM6_DAC_IRQHandler
                0x00000000080036f0                TIM1_BRK_TIM9_IRQHandler
                0x00000000080036f0                CAN2_RX0_IRQHandler
                0x00000000080036f0                DMA2_Stream3_IRQHandler
                0x00000000080036f0                USART6_IRQHandler
                0x00000000080036f0                CAN1_RX1_IRQHandler
                0x00000000080036f0                UART5_IRQHandler
                0x00000000080036f0                DMA2_Stream0_IRQHandler
                0x00000000080036f0                TIM4_IRQHandler
                0x00000000080036f0                I2C1_EV_IRQHandler
                0x00000000080036f0                DMA1_Stream6_IRQHandler
                0x00000000080036f0                DMA1_Stream1_IRQHandler
                0x00000000080036f0                UART4_IRQHandler
                0x00000000080036f0                TIM3_IRQHandler
                0x00000000080036f0                RCC_IRQHandler
                0x00000000080036f0                TIM8_BRK_TIM12_IRQHandler
                0x00000000080036f0                Default_Handler
                0x00000000080036f0                EXTI15_10_IRQHandler
                0x00000000080036f0                ADC_IRQHandler
                0x00000000080036f0                DMA1_Stream7_IRQHandler
                0x00000000080036f0                TIM7_IRQHandler
                0x00000000080036f0                CAN2_TX_IRQHandler
                0x00000000080036f0                TIM5_IRQHandler
                0x00000000080036f0                DMA2_Stream7_IRQHandler
                0x00000000080036f0                I2C3_EV_IRQHandler
                0x00000000080036f0                EXTI9_5_IRQHandler
                0x00000000080036f0                RTC_WKUP_IRQHandler
                0x00000000080036f0                SPI2_IRQHandler
                0x00000000080036f0                OTG_HS_EP1_IN_IRQHandler
                0x00000000080036f0                DMA1_Stream0_IRQHandler
                0x00000000080036f0                CAN1_TX_IRQHandler
                0x00000000080036f0                EXTI4_IRQHandler
                0x00000000080036f0                FSMC_IRQHandler
                0x00000000080036f0                OTG_HS_EP1_OUT_IRQHandler
                0x00000000080036f0                WWDG_IRQHandler
                0x00000000080036f0                TIM2_IRQHandler
                0x00000000080036f0                OTG_FS_WKUP_IRQHandler
                0x00000000080036f0                TIM1_TRG_COM_TIM11_IRQHandler
                0x00000000080036f0                OTG_HS_IRQHandler
                0x00000000080036f0                EXTI1_IRQHandler
                0x00000000080036f0                USART2_IRQHandler
                0x00000000080036f0                I2C2_ER_IRQHandler
                0x00000000080036f0                DMA2_Stream1_IRQHandler
                0x00000000080036f0                CAN1_SCE_IRQHandler
                0x00000000080036f0                FLASH_IRQHandler
                0x00000000080036f0                DMA2_Stream4_IRQHandler
                0x00000000080036f0                USART1_IRQHandler
                0x00000000080036f0                OTG_FS_IRQHandler
                0x00000000080036f0                SPI3_IRQHandler
                0x00000000080036f0                DMA1_Stream4_IRQHandler
                0x00000000080036f0                I2C1_ER_IRQHandler
                0x00000000080036f0                DMA2_Stream6_IRQHandler
                0x00000000080036f0                DMA1_Stream3_IRQHandler
 *fill*         0x00000000080036f2        0x2 
 .text.HAL_Init
                0x00000000080036f4       0x44 ./Drivers/STM32F4xx_HAL_Driver/Src/stm32f4xx_hal.o
                0x00000000080036f4                HAL_Init
 .text.HAL_IncTick
                0x0000000008003738       0x28 ./Drivers/STM32F4xx_HAL_Driver/Src/stm32f4xx_hal.o
                0x0000000008003738                HAL_IncTick
 .text.HAL_GetTick
                0x0000000008003760       0x18 ./Drivers/STM32F4xx_HAL_Driver/Src/stm32f4xx_hal.o
                0x0000000008003760                HAL_GetTick
 .text.__NVIC_SetPriorityGrouping
                0x0000000008003778       0x48 ./Drivers/STM32F4xx_HAL_Driver/Src/stm32f4xx_hal_cortex.o
 .text.__NVIC_GetPriorityGrouping
                0x00000000080037c0       0x1c ./Drivers/STM32F4xx_HAL_Driver/Src/stm32f4xx_hal_cortex.o
 .text.__NVIC_EnableIRQ
                0x00000000080037dc       0x3c ./Drivers/STM32F4xx_HAL_Driver/Src/stm32f4xx_hal_cortex.o
 .text.__NVIC_SetPriority
                0x0000000008003818       0x54 ./Drivers/STM32F4xx_HAL_Driver/Src/stm32f4xx_hal_cortex.o
 .text.NVIC_EncodePriority
                0x000000000800386c       0x66 ./Drivers/STM32F4xx_HAL_Driver/Src/stm32f4xx_hal_cortex.o
 .text.HAL_NVIC_SetPriorityGrouping
                0x00000000080038d2       0x16 ./Drivers/STM32F4xx_HAL_Driver/Src/stm32f4xx_hal_cortex.o
                0x00000000080038d2                HAL_NVIC_SetPriorityGrouping
 .text.HAL_NVIC_SetPriority
                0x00000000080038e8       0x38 ./Drivers/STM32F4xx_HAL_Driver/Src/stm32f4xx_hal_cortex.o
                0x00000000080038e8                HAL_NVIC_SetPriority
 .text.HAL_NVIC_EnableIRQ
                0x0000000008003920       0x1c ./Drivers/STM32F4xx_HAL_Driver/Src/stm32f4xx_hal_cortex.o
                0x0000000008003920                HAL_NVIC_EnableIRQ
 .text.HAL_DMA_Abort
                0x000000000800393c       0xe0 ./Drivers/STM32F4xx_HAL_Driver/Src/stm32f4xx_hal_dma.o
                0x000000000800393c                HAL_DMA_Abort
 .text.HAL_DMA_Abort_IT
                0x0000000008003a1c       0x44 ./Drivers/STM32F4xx_HAL_Driver/Src/stm32f4xx_hal_dma.o
                0x0000000008003a1c                HAL_DMA_Abort_IT
 .text.HAL_GPIO_Init
                0x0000000008003a60      0x338 ./Drivers/STM32F4xx_HAL_Driver/Src/stm32f4xx_hal_gpio.o
                0x0000000008003a60                HAL_GPIO_Init
 .text.HAL_GPIO_WritePin
                0x0000000008003d98       0x32 ./Drivers/STM32F4xx_HAL_Driver/Src/stm32f4xx_hal_gpio.o
                0x0000000008003d98                HAL_GPIO_WritePin
 *fill*         0x0000000008003dca        0x2 
 .text.HAL_I2C_Init
                0x0000000008003dcc      0x288 ./Drivers/STM32F4xx_HAL_Driver/Src/stm32f4xx_hal_i2c.o
                0x0000000008003dcc                HAL_I2C_Init
 .text.HAL_RCC_OscConfig
                0x0000000008004054      0x4f0 ./Drivers/STM32F4xx_HAL_Driver/Src/stm32f4xx_hal_rcc.o
                0x0000000008004054                HAL_RCC_OscConfig
 .text.HAL_RCC_ClockConfig
                0x0000000008004544      0x1cc ./Drivers/STM32F4xx_HAL_Driver/Src/stm32f4xx_hal_rcc.o
                0x0000000008004544                HAL_RCC_ClockConfig
 .text.HAL_RCC_GetSysClockFreq
                0x0000000008004710      0x18c ./Drivers/STM32F4xx_HAL_Driver/Src/stm32f4xx_hal_rcc.o
                0x0000000008004710                HAL_RCC_GetSysClockFreq
 .text.HAL_RCC_GetHCLKFreq
                0x000000000800489c       0x18 ./Drivers/STM32F4xx_HAL_Driver/Src/stm32f4xx_hal_rcc.o
                0x000000000800489c                HAL_RCC_GetHCLKFreq
 .text.HAL_RCC_GetPCLK1Freq
                0x00000000080048b4       0x28 ./Drivers/STM32F4xx_HAL_Driver/Src/stm32f4xx_hal_rcc.o
                0x00000000080048b4                HAL_RCC_GetPCLK1Freq
 .text.HAL_RCC_GetPCLK2Freq
                0x00000000080048dc       0x28 ./Drivers/STM32F4xx_HAL_Driver/Src/stm32f4xx_hal_rcc.o
                0x00000000080048dc                HAL_RCC_GetPCLK2Freq
 .text.HAL_RCC_GetClockConfig
                0x0000000008004904       0x64 ./Drivers/STM32F4xx_HAL_Driver/Src/stm32f4xx_hal_rcc.o
                0x0000000008004904                HAL_RCC_GetClockConfig
 .text.HAL_RCC_NMI_IRQHandler
                0x0000000008004968       0x28 ./Drivers/STM32F4xx_HAL_Driver/Src/stm32f4xx_hal_rcc.o
                0x0000000008004968                HAL_RCC_NMI_IRQHandler
 .text.HAL_RCC_CSSCallback
                0x0000000008004990        0xe ./Drivers/STM32F4xx_HAL_Driver/Src/stm32f4xx_hal_rcc.o
                0x0000000008004990                HAL_RCC_CSSCallback
 .text.HAL_SPI_Init
                0x000000000800499e      0x112 ./Drivers/STM32F4xx_HAL_Driver/Src/stm32f4xx_hal_spi.o
                0x000000000800499e                HAL_SPI_Init
 .text.HAL_TIM_Base_Init
                0x0000000008004ab0       0x9e ./Drivers/STM32F4xx_HAL_Driver/Src/stm32f4xx_hal_tim.o
                0x0000000008004ab0                HAL_TIM_Base_Init
 .text.HAL_TIM_Base_MspInit
                0x0000000008004b4e       0x14 ./Drivers/STM32F4xx_HAL_Driver/Src/stm32f4xx_hal_tim.o
                0x0000000008004b4e                HAL_TIM_Base_MspInit
 *fill*         0x0000000008004b62        0x2 
 .text.HAL_TIM_Base_Start_IT
                0x0000000008004b64       0xe0 ./Drivers/STM32F4xx_HAL_Driver/Src/stm32f4xx_hal_tim.o
                0x0000000008004b64                HAL_TIM_Base_Start_IT
 .text.HAL_TIM_IRQHandler
                0x0000000008004c44      0x210 ./Drivers/STM32F4xx_HAL_Driver/Src/stm32f4xx_hal_tim.o
                0x0000000008004c44                HAL_TIM_IRQHandler
 .text.HAL_TIM_OC_DelayElapsedCallback
                0x0000000008004e54       0x14 ./Drivers/STM32F4xx_HAL_Driver/Src/stm32f4xx_hal_tim.o
                0x0000000008004e54                HAL_TIM_OC_DelayElapsedCallback
 .text.HAL_TIM_IC_CaptureCallback
                0x0000000008004e68       0x14 ./Drivers/STM32F4xx_HAL_Driver/Src/stm32f4xx_hal_tim.o
                0x0000000008004e68                HAL_TIM_IC_CaptureCallback
 .text.HAL_TIM_PWM_PulseFinishedCallback
                0x0000000008004e7c       0x14 ./Drivers/STM32F4xx_HAL_Driver/Src/stm32f4xx_hal_tim.o
                0x0000000008004e7c                HAL_TIM_PWM_PulseFinishedCallback
 .text.HAL_TIM_TriggerCallback
                0x0000000008004e90       0x14 ./Drivers/STM32F4xx_HAL_Driver/Src/stm32f4xx_hal_tim.o
                0x0000000008004e90                HAL_TIM_TriggerCallback
 .text.TIM_Base_SetConfig
                0x0000000008004ea4      0x140 ./Drivers/STM32F4xx_HAL_Driver/Src/stm32f4xx_hal_tim.o
                0x0000000008004ea4                TIM_Base_SetConfig
 .text.HAL_TIMEx_CommutCallback
                0x0000000008004fe4       0x14 ./Drivers/STM32F4xx_HAL_Driver/Src/stm32f4xx_hal_tim_ex.o
                0x0000000008004fe4                HAL_TIMEx_CommutCallback
 .text.HAL_TIMEx_BreakCallback
                0x0000000008004ff8       0x14 ./Drivers/STM32F4xx_HAL_Driver/Src/stm32f4xx_hal_tim_ex.o
                0x0000000008004ff8                HAL_TIMEx_BreakCallback
 .text.HAL_UART_Init
                0x000000000800500c       0x9a ./Drivers/STM32F4xx_HAL_Driver/Src/stm32f4xx_hal_uart.o
                0x000000000800500c                HAL_UART_Init
 .text.HAL_UART_Transmit
                0x00000000080050a6      0x124 ./Drivers/STM32F4xx_HAL_Driver/Src/stm32f4xx_hal_uart.o
                0x00000000080050a6                HAL_UART_Transmit
 .text.HAL_UART_Receive_IT
                0x00000000080051ca       0x60 ./Drivers/STM32F4xx_HAL_Driver/Src/stm32f4xx_hal_uart.o
                0x00000000080051ca                HAL_UART_Receive_IT
 *fill*         0x000000000800522a        0x2 
 .text.HAL_UART_IRQHandler
                0x000000000800522c      0x51c ./Drivers/STM32F4xx_HAL_Driver/Src/stm32f4xx_hal_uart.o
                0x000000000800522c                HAL_UART_IRQHandler
 .text.HAL_UART_TxCpltCallback
                0x0000000008005748       0x14 ./Drivers/STM32F4xx_HAL_Driver/Src/stm32f4xx_hal_uart.o
                0x0000000008005748                HAL_UART_TxCpltCallback
 .text.HAL_UART_ErrorCallback
                0x000000000800575c       0x14 ./Drivers/STM32F4xx_HAL_Driver/Src/stm32f4xx_hal_uart.o
                0x000000000800575c                HAL_UART_ErrorCallback
 .text.HAL_UARTEx_RxEventCallback
                0x0000000008005770       0x18 ./Drivers/STM32F4xx_HAL_Driver/Src/stm32f4xx_hal_uart.o
                0x0000000008005770                HAL_UARTEx_RxEventCallback
 .text.UART_WaitOnFlagUntilTimeout
                0x0000000008005788       0xdc ./Drivers/STM32F4xx_HAL_Driver/Src/stm32f4xx_hal_uart.o
 .text.UART_Start_Receive_IT
                0x0000000008005864       0x7c ./Drivers/STM32F4xx_HAL_Driver/Src/stm32f4xx_hal_uart.o
                0x0000000008005864                UART_Start_Receive_IT
 .text.UART_EndRxTransfer
                0x00000000080058e0       0xc6 ./Drivers/STM32F4xx_HAL_Driver/Src/stm32f4xx_hal_uart.o
 .text.UART_DMAAbortOnError
                0x00000000080059a6       0x28 ./Drivers/STM32F4xx_HAL_Driver/Src/stm32f4xx_hal_uart.o
 .text.UART_Transmit_IT
                0x00000000080059ce       0xa0 ./Drivers/STM32F4xx_HAL_Driver/Src/stm32f4xx_hal_uart.o
 .text.UART_EndTransmit_IT
                0x0000000008005a6e       0x30 ./Drivers/STM32F4xx_HAL_Driver/Src/stm32f4xx_hal_uart.o
 .text.UART_Receive_IT
                0x0000000008005a9e      0x176 ./Drivers/STM32F4xx_HAL_Driver/Src/stm32f4xx_hal_uart.o
 .text.UART_SetConfig
                0x0000000008005c14      0x4e8 ./Drivers/STM32F4xx_HAL_Driver/Src/stm32f4xx_hal_uart.o
 .text.__errno  0x00000000080060fc        0xc c:/st/stm32cubeide_1.11.0/stm32cubeide/plugins/com.st.stm32cube.ide.mcu.externaltools.gnu-tools-for-stm32.10.3-2021.10.win32_1.0.100.202210260954/tools/bin/../lib/gcc/arm-none-eabi/10.3.1/../../../../arm-none-eabi/lib/thumb/v7e-m+fp/hard\libc_nano.a(lib_a-errno.o)
                0x00000000080060fc                __errno
 .text.__libc_init_array
                0x0000000008006108       0x48 c:/st/stm32cubeide_1.11.0/stm32cubeide/plugins/com.st.stm32cube.ide.mcu.externaltools.gnu-tools-for-stm32.10.3-2021.10.win32_1.0.100.202210260954/tools/bin/../lib/gcc/arm-none-eabi/10.3.1/../../../../arm-none-eabi/lib/thumb/v7e-m+fp/hard\libc_nano.a(lib_a-init.o)
                0x0000000008006108                __libc_init_array
 .text.memcpy   0x0000000008006150       0x1c c:/st/stm32cubeide_1.11.0/stm32cubeide/plugins/com.st.stm32cube.ide.mcu.externaltools.gnu-tools-for-stm32.10.3-2021.10.win32_1.0.100.202210260954/tools/bin/../lib/gcc/arm-none-eabi/10.3.1/../../../../arm-none-eabi/lib/thumb/v7e-m+fp/hard\libc_nano.a(lib_a-memcpy-stub.o)
                0x0000000008006150                memcpy
 .text.memset   0x000000000800616c       0x10 c:/st/stm32cubeide_1.11.0/stm32cubeide/plugins/com.st.stm32cube.ide.mcu.externaltools.gnu-tools-for-stm32.10.3-2021.10.win32_1.0.100.202210260954/tools/bin/../lib/gcc/arm-none-eabi/10.3.1/../../../../arm-none-eabi/lib/thumb/v7e-m+fp/hard\libc_nano.a(lib_a-memset.o)
                0x000000000800616c                memset
 .text.srand    0x000000000800617c       0x5c c:/st/stm32cubeide_1.11.0/stm32cubeide/plugins/com.st.stm32cube.ide.mcu.externaltools.gnu-tools-for-stm32.10.3-2021.10.win32_1.0.100.202210260954/tools/bin/../lib/gcc/arm-none-eabi/10.3.1/../../../../arm-none-eabi/lib/thumb/v7e-m+fp/hard\libc_nano.a(lib_a-rand.o)
                0x000000000800617c                srand
 .text.rand     0x00000000080061d8       0x7c c:/st/stm32cubeide_1.11.0/stm32cubeide/plugins/com.st.stm32cube.ide.mcu.externaltools.gnu-tools-for-stm32.10.3-2021.10.win32_1.0.100.202210260954/tools/bin/../lib/gcc/arm-none-eabi/10.3.1/../../../../arm-none-eabi/lib/thumb/v7e-m+fp/hard\libc_nano.a(lib_a-rand.o)
                0x00000000080061d8                rand
 .text.sprintf  0x0000000008006254       0x40 c:/st/stm32cubeide_1.11.0/stm32cubeide/plugins/com.st.stm32cube.ide.mcu.externaltools.gnu-tools-for-stm32.10.3-2021.10.win32_1.0.100.202210260954/tools/bin/../lib/gcc/arm-none-eabi/10.3.1/../../../../arm-none-eabi/lib/thumb/v7e-m+fp/hard\libc_nano.a(lib_a-sprintf.o)
                0x0000000008006254                siprintf
                0x0000000008006254                sprintf
 .text.strstr   0x0000000008006294       0x2c c:/st/stm32cubeide_1.11.0/stm32cubeide/plugins/com.st.stm32cube.ide.mcu.externaltools.gnu-tools-for-stm32.10.3-2021.10.win32_1.0.100.202210260954/tools/bin/../lib/gcc/arm-none-eabi/10.3.1/../../../../arm-none-eabi/lib/thumb/v7e-m+fp/hard\libc_nano.a(lib_a-strstr.o)
                0x0000000008006294                strstr
 .text.time     0x00000000080062c0       0x34 c:/st/stm32cubeide_1.11.0/stm32cubeide/plugins/com.st.stm32cube.ide.mcu.externaltools.gnu-tools-for-stm32.10.3-2021.10.win32_1.0.100.202210260954/tools/bin/../lib/gcc/arm-none-eabi/10.3.1/../../../../arm-none-eabi/lib/thumb/v7e-m+fp/hard\libc_nano.a(lib_a-time.o)
                0x00000000080062c0                time
 .text.__assert_func
                0x00000000080062f4       0x3c c:/st/stm32cubeide_1.11.0/stm32cubeide/plugins/com.st.stm32cube.ide.mcu.externaltools.gnu-tools-for-stm32.10.3-2021.10.win32_1.0.100.202210260954/tools/bin/../lib/gcc/arm-none-eabi/10.3.1/../../../../arm-none-eabi/lib/thumb/v7e-m+fp/hard\libc_nano.a(lib_a-assert.o)
                0x00000000080062f4                __assert_func
 .text.fprintf  0x0000000008006330       0x24 c:/st/stm32cubeide_1.11.0/stm32cubeide/plugins/com.st.stm32cube.ide.mcu.externaltools.gnu-tools-for-stm32.10.3-2021.10.win32_1.0.100.202210260954/tools/bin/../lib/gcc/arm-none-eabi/10.3.1/../../../../arm-none-eabi/lib/thumb/v7e-m+fp/hard\libc_nano.a(lib_a-fprintf.o)
                0x0000000008006330                fiprintf
                0x0000000008006330                fprintf
 .text._gettimeofday_r
                0x0000000008006354       0x24 c:/st/stm32cubeide_1.11.0/stm32cubeide/plugins/com.st.stm32cube.ide.mcu.externaltools.gnu-tools-for-stm32.10.3-2021.10.win32_1.0.100.202210260954/tools/bin/../lib/gcc/arm-none-eabi/10.3.1/../../../../arm-none-eabi/lib/thumb/v7e-m+fp/hard\libc_nano.a(lib_a-gettimeofdayr.o)
                0x0000000008006354                _gettimeofday_r
 .text.malloc   0x0000000008006378       0x10 c:/st/stm32cubeide_1.11.0/stm32cubeide/plugins/com.st.stm32cube.ide.mcu.externaltools.gnu-tools-for-stm32.10.3-2021.10.win32_1.0.100.202210260954/tools/bin/../lib/gcc/arm-none-eabi/10.3.1/../../../../arm-none-eabi/lib/thumb/v7e-m+fp/hard\libc_nano.a(lib_a-malloc.o)
                0x0000000008006378                malloc
 .text._free_r  0x0000000008006388       0x98 c:/st/stm32cubeide_1.11.0/stm32cubeide/plugins/com.st.stm32cube.ide.mcu.externaltools.gnu-tools-for-stm32.10.3-2021.10.win32_1.0.100.202210260954/tools/bin/../lib/gcc/arm-none-eabi/10.3.1/../../../../arm-none-eabi/lib/thumb/v7e-m+fp/hard\libc_nano.a(lib_a-nano-freer.o)
                0x0000000008006388                _free_r
 .text.sbrk_aligned
                0x0000000008006420       0x40 c:/st/stm32cubeide_1.11.0/stm32cubeide/plugins/com.st.stm32cube.ide.mcu.externaltools.gnu-tools-for-stm32.10.3-2021.10.win32_1.0.100.202210260954/tools/bin/../lib/gcc/arm-none-eabi/10.3.1/../../../../arm-none-eabi/lib/thumb/v7e-m+fp/hard\libc_nano.a(lib_a-nano-mallocr.o)
 .text._malloc_r
                0x0000000008006460       0xe8 c:/st/stm32cubeide_1.11.0/stm32cubeide/plugins/com.st.stm32cube.ide.mcu.externaltools.gnu-tools-for-stm32.10.3-2021.10.win32_1.0.100.202210260954/tools/bin/../lib/gcc/arm-none-eabi/10.3.1/../../../../arm-none-eabi/lib/thumb/v7e-m+fp/hard\libc_nano.a(lib_a-nano-mallocr.o)
                0x0000000008006460                _malloc_r
 .text.__ssputs_r
                0x0000000008006548       0xb6 c:/st/stm32cubeide_1.11.0/stm32cubeide/plugins/com.st.stm32cube.ide.mcu.externaltools.gnu-tools-for-stm32.10.3-2021.10.win32_1.0.100.202210260954/tools/bin/../lib/gcc/arm-none-eabi/10.3.1/../../../../arm-none-eabi/lib/thumb/v7e-m+fp/hard\libc_nano.a(lib_a-nano-svfprintf.o)
                0x0000000008006548                __ssputs_r
 *fill*         0x00000000080065fe        0x2 
 .text._svfprintf_r
                0x0000000008006600      0x200 c:/st/stm32cubeide_1.11.0/stm32cubeide/plugins/com.st.stm32cube.ide.mcu.externaltools.gnu-tools-for-stm32.10.3-2021.10.win32_1.0.100.202210260954/tools/bin/../lib/gcc/arm-none-eabi/10.3.1/../../../../arm-none-eabi/lib/thumb/v7e-m+fp/hard\libc_nano.a(lib_a-nano-svfprintf.o)
                0x0000000008006600                _svfiprintf_r
                0x0000000008006600                _svfprintf_r
 .text.__sfputc_r
                0x0000000008006800       0x2e c:/st/stm32cubeide_1.11.0/stm32cubeide/plugins/com.st.stm32cube.ide.mcu.externaltools.gnu-tools-for-stm32.10.3-2021.10.win32_1.0.100.202210260954/tools/bin/../lib/gcc/arm-none-eabi/10.3.1/../../../../arm-none-eabi/lib/thumb/v7e-m+fp/hard\libc_nano.a(lib_a-nano-vfprintf.o)
 .text.__sfputs_r
                0x000000000800682e       0x24 c:/st/stm32cubeide_1.11.0/stm32cubeide/plugins/com.st.stm32cube.ide.mcu.externaltools.gnu-tools-for-stm32.10.3-2021.10.win32_1.0.100.202210260954/tools/bin/../lib/gcc/arm-none-eabi/10.3.1/../../../../arm-none-eabi/lib/thumb/v7e-m+fp/hard\libc_nano.a(lib_a-nano-vfprintf.o)
                0x000000000800682e                __sfputs_r
 *fill*         0x0000000008006852        0x2 
 .text._vfprintf_r
                0x0000000008006854      0x260 c:/st/stm32cubeide_1.11.0/stm32cubeide/plugins/com.st.stm32cube.ide.mcu.externaltools.gnu-tools-for-stm32.10.3-2021.10.win32_1.0.100.202210260954/tools/bin/../lib/gcc/arm-none-eabi/10.3.1/../../../../arm-none-eabi/lib/thumb/v7e-m+fp/hard\libc_nano.a(lib_a-nano-vfprintf.o)
                0x0000000008006854                _vfprintf_r
                0x0000000008006854                _vfiprintf_r
 .text._printf_common
                0x0000000008006ab4       0xda c:/st/stm32cubeide_1.11.0/stm32cubeide/plugins/com.st.stm32cube.ide.mcu.externaltools.gnu-tools-for-stm32.10.3-2021.10.win32_1.0.100.202210260954/tools/bin/../lib/gcc/arm-none-eabi/10.3.1/../../../../arm-none-eabi/lib/thumb/v7e-m+fp/hard\libc_nano.a(lib_a-nano-vfprintf_i.o)
                0x0000000008006ab4                _printf_common
 *fill*         0x0000000008006b8e        0x2 
 .text._printf_i
                0x0000000008006b90      0x24c c:/st/stm32cubeide_1.11.0/stm32cubeide/plugins/com.st.stm32cube.ide.mcu.externaltools.gnu-tools-for-stm32.10.3-2021.10.win32_1.0.100.202210260954/tools/bin/../lib/gcc/arm-none-eabi/10.3.1/../../../../arm-none-eabi/lib/thumb/v7e-m+fp/hard\libc_nano.a(lib_a-nano-vfprintf_i.o)
                0x0000000008006b90                _printf_i
 .text._sbrk_r  0x0000000008006ddc       0x20 c:/st/stm32cubeide_1.11.0/stm32cubeide/plugins/com.st.stm32cube.ide.mcu.externaltools.gnu-tools-for-stm32.10.3-2021.10.win32_1.0.100.202210260954/tools/bin/../lib/gcc/arm-none-eabi/10.3.1/../../../../arm-none-eabi/lib/thumb/v7e-m+fp/hard\libc_nano.a(lib_a-sbrkr.o)
                0x0000000008006ddc                _sbrk_r
 .text.__swbuf_r
                0x0000000008006dfc       0xa4 c:/st/stm32cubeide_1.11.0/stm32cubeide/plugins/com.st.stm32cube.ide.mcu.externaltools.gnu-tools-for-stm32.10.3-2021.10.win32_1.0.100.202210260954/tools/bin/../lib/gcc/arm-none-eabi/10.3.1/../../../../arm-none-eabi/lib/thumb/v7e-m+fp/hard\libc_nano.a(lib_a-wbuf.o)
                0x0000000008006dfc                __swbuf_r
 .text.__swsetup_r
                0x0000000008006ea0       0xdc c:/st/stm32cubeide_1.11.0/stm32cubeide/plugins/com.st.stm32cube.ide.mcu.externaltools.gnu-tools-for-stm32.10.3-2021.10.win32_1.0.100.202210260954/tools/bin/../lib/gcc/arm-none-eabi/10.3.1/../../../../arm-none-eabi/lib/thumb/v7e-m+fp/hard\libc_nano.a(lib_a-wsetup.o)
                0x0000000008006ea0                __swsetup_r
 .text.abort    0x0000000008006f7c        0xe c:/st/stm32cubeide_1.11.0/stm32cubeide/plugins/com.st.stm32cube.ide.mcu.externaltools.gnu-tools-for-stm32.10.3-2021.10.win32_1.0.100.202210260954/tools/bin/../lib/gcc/arm-none-eabi/10.3.1/../../../../arm-none-eabi/lib/thumb/v7e-m+fp/hard\libc_nano.a(lib_a-abort.o)
                0x0000000008006f7c                abort
 *fill*         0x0000000008006f8a        0x2 
 .text.__sflush_r
                0x0000000008006f8c      0x10c c:/st/stm32cubeide_1.11.0/stm32cubeide/plugins/com.st.stm32cube.ide.mcu.externaltools.gnu-tools-for-stm32.10.3-2021.10.win32_1.0.100.202210260954/tools/bin/../lib/gcc/arm-none-eabi/10.3.1/../../../../arm-none-eabi/lib/thumb/v7e-m+fp/hard\libc_nano.a(lib_a-fflush.o)
                0x0000000008006f8c                __sflush_r
 .text._fflush_r
                0x0000000008007098       0x78 c:/st/stm32cubeide_1.11.0/stm32cubeide/plugins/com.st.stm32cube.ide.mcu.externaltools.gnu-tools-for-stm32.10.3-2021.10.win32_1.0.100.202210260954/tools/bin/../lib/gcc/arm-none-eabi/10.3.1/../../../../arm-none-eabi/lib/thumb/v7e-m+fp/hard\libc_nano.a(lib_a-fflush.o)
                0x0000000008007098                _fflush_r
 .text.std      0x0000000008007110       0x48 c:/st/stm32cubeide_1.11.0/stm32cubeide/plugins/com.st.stm32cube.ide.mcu.externaltools.gnu-tools-for-stm32.10.3-2021.10.win32_1.0.100.202210260954/tools/bin/../lib/gcc/arm-none-eabi/10.3.1/../../../../arm-none-eabi/lib/thumb/v7e-m+fp/hard\libc_nano.a(lib_a-findfp.o)
 .text._cleanup_r
                0x0000000008007158        0xc c:/st/stm32cubeide_1.11.0/stm32cubeide/plugins/com.st.stm32cube.ide.mcu.externaltools.gnu-tools-for-stm32.10.3-2021.10.win32_1.0.100.202210260954/tools/bin/../lib/gcc/arm-none-eabi/10.3.1/../../../../arm-none-eabi/lib/thumb/v7e-m+fp/hard\libc_nano.a(lib_a-findfp.o)
                0x0000000008007158                _cleanup_r
 .text.__sfmoreglue
                0x0000000008007164       0x2c c:/st/stm32cubeide_1.11.0/stm32cubeide/plugins/com.st.stm32cube.ide.mcu.externaltools.gnu-tools-for-stm32.10.3-2021.10.win32_1.0.100.202210260954/tools/bin/../lib/gcc/arm-none-eabi/10.3.1/../../../../arm-none-eabi/lib/thumb/v7e-m+fp/hard\libc_nano.a(lib_a-findfp.o)
                0x0000000008007164                __sfmoreglue
 .text.__sfp_lock_acquire
                0x0000000008007190        0xc c:/st/stm32cubeide_1.11.0/stm32cubeide/plugins/com.st.stm32cube.ide.mcu.externaltools.gnu-tools-for-stm32.10.3-2021.10.win32_1.0.100.202210260954/tools/bin/../lib/gcc/arm-none-eabi/10.3.1/../../../../arm-none-eabi/lib/thumb/v7e-m+fp/hard\libc_nano.a(lib_a-findfp.o)
                0x0000000008007190                __sfp_lock_acquire
 .text.__sfp_lock_release
                0x000000000800719c        0xc c:/st/stm32cubeide_1.11.0/stm32cubeide/plugins/com.st.stm32cube.ide.mcu.externaltools.gnu-tools-for-stm32.10.3-2021.10.win32_1.0.100.202210260954/tools/bin/../lib/gcc/arm-none-eabi/10.3.1/../../../../arm-none-eabi/lib/thumb/v7e-m+fp/hard\libc_nano.a(lib_a-findfp.o)
                0x000000000800719c                __sfp_lock_release
 .text.__sinit_lock_acquire
                0x00000000080071a8        0xc c:/st/stm32cubeide_1.11.0/stm32cubeide/plugins/com.st.stm32cube.ide.mcu.externaltools.gnu-tools-for-stm32.10.3-2021.10.win32_1.0.100.202210260954/tools/bin/../lib/gcc/arm-none-eabi/10.3.1/../../../../arm-none-eabi/lib/thumb/v7e-m+fp/hard\libc_nano.a(lib_a-findfp.o)
                0x00000000080071a8                __sinit_lock_acquire
 .text.__sinit_lock_release
                0x00000000080071b4        0xc c:/st/stm32cubeide_1.11.0/stm32cubeide/plugins/com.st.stm32cube.ide.mcu.externaltools.gnu-tools-for-stm32.10.3-2021.10.win32_1.0.100.202210260954/tools/bin/../lib/gcc/arm-none-eabi/10.3.1/../../../../arm-none-eabi/lib/thumb/v7e-m+fp/hard\libc_nano.a(lib_a-findfp.o)
                0x00000000080071b4                __sinit_lock_release
 .text.__sinit  0x00000000080071c0       0x70 c:/st/stm32cubeide_1.11.0/stm32cubeide/plugins/com.st.stm32cube.ide.mcu.externaltools.gnu-tools-for-stm32.10.3-2021.10.win32_1.0.100.202210260954/tools/bin/../lib/gcc/arm-none-eabi/10.3.1/../../../../arm-none-eabi/lib/thumb/v7e-m+fp/hard\libc_nano.a(lib_a-findfp.o)
                0x00000000080071c0                __sinit
 .text.__sfp    0x0000000008007230       0x8c c:/st/stm32cubeide_1.11.0/stm32cubeide/plugins/com.st.stm32cube.ide.mcu.externaltools.gnu-tools-for-stm32.10.3-2021.10.win32_1.0.100.202210260954/tools/bin/../lib/gcc/arm-none-eabi/10.3.1/../../../../arm-none-eabi/lib/thumb/v7e-m+fp/hard\libc_nano.a(lib_a-findfp.o)
                0x0000000008007230                __sfp
 .text._fwalk_reent
                0x00000000080072bc       0x3e c:/st/stm32cubeide_1.11.0/stm32cubeide/plugins/com.st.stm32cube.ide.mcu.externaltools.gnu-tools-for-stm32.10.3-2021.10.win32_1.0.100.202210260954/tools/bin/../lib/gcc/arm-none-eabi/10.3.1/../../../../arm-none-eabi/lib/thumb/v7e-m+fp/hard\libc_nano.a(lib_a-fwalk.o)
                0x00000000080072bc                _fwalk_reent
 .text.__retarget_lock_init_recursive
                0x00000000080072fa        0x2 c:/st/stm32cubeide_1.11.0/stm32cubeide/plugins/com.st.stm32cube.ide.mcu.externaltools.gnu-tools-for-stm32.10.3-2021.10.win32_1.0.100.202210260954/tools/bin/../lib/gcc/arm-none-eabi/10.3.1/../../../../arm-none-eabi/lib/thumb/v7e-m+fp/hard\libc_nano.a(lib_a-lock.o)
                0x00000000080072fa                __retarget_lock_init_recursive
 .text.__retarget_lock_acquire_recursive
                0x00000000080072fc        0x2 c:/st/stm32cubeide_1.11.0/stm32cubeide/plugins/com.st.stm32cube.ide.mcu.externaltools.gnu-tools-for-stm32.10.3-2021.10.win32_1.0.100.202210260954/tools/bin/../lib/gcc/arm-none-eabi/10.3.1/../../../../arm-none-eabi/lib/thumb/v7e-m+fp/hard\libc_nano.a(lib_a-lock.o)
                0x00000000080072fc                __retarget_lock_acquire_recursive
 .text.__retarget_lock_release_recursive
                0x00000000080072fe        0x2 c:/st/stm32cubeide_1.11.0/stm32cubeide/plugins/com.st.stm32cube.ide.mcu.externaltools.gnu-tools-for-stm32.10.3-2021.10.win32_1.0.100.202210260954/tools/bin/../lib/gcc/arm-none-eabi/10.3.1/../../../../arm-none-eabi/lib/thumb/v7e-m+fp/hard\libc_nano.a(lib_a-lock.o)
                0x00000000080072fe                __retarget_lock_release_recursive
 .text.__swhatbuf_r
                0x0000000008007300       0x4a c:/st/stm32cubeide_1.11.0/stm32cubeide/plugins/com.st.stm32cube.ide.mcu.externaltools.gnu-tools-for-stm32.10.3-2021.10.win32_1.0.100.202210260954/tools/bin/../lib/gcc/arm-none-eabi/10.3.1/../../../../arm-none-eabi/lib/thumb/v7e-m+fp/hard\libc_nano.a(lib_a-makebuf.o)
                0x0000000008007300                __swhatbuf_r
 *fill*         0x000000000800734a        0x2 
 .text.__smakebuf_r
                0x000000000800734c       0x80 c:/st/stm32cubeide_1.11.0/stm32cubeide/plugins/com.st.stm32cube.ide.mcu.externaltools.gnu-tools-for-stm32.10.3-2021.10.win32_1.0.100.202210260954/tools/bin/../lib/gcc/arm-none-eabi/10.3.1/../../../../arm-none-eabi/lib/thumb/v7e-m+fp/hard\libc_nano.a(lib_a-makebuf.o)
                0x000000000800734c                __smakebuf_r
 .text.memmove  0x00000000080073cc       0x34 c:/st/stm32cubeide_1.11.0/stm32cubeide/plugins/com.st.stm32cube.ide.mcu.externaltools.gnu-tools-for-stm32.10.3-2021.10.win32_1.0.100.202210260954/tools/bin/../lib/gcc/arm-none-eabi/10.3.1/../../../../arm-none-eabi/lib/thumb/v7e-m+fp/hard\libc_nano.a(lib_a-memmove.o)
                0x00000000080073cc                memmove
 .text.__malloc_lock
                0x0000000008007400        0xc c:/st/stm32cubeide_1.11.0/stm32cubeide/plugins/com.st.stm32cube.ide.mcu.externaltools.gnu-tools-for-stm32.10.3-2021.10.win32_1.0.100.202210260954/tools/bin/../lib/gcc/arm-none-eabi/10.3.1/../../../../arm-none-eabi/lib/thumb/v7e-m+fp/hard\libc_nano.a(lib_a-mlock.o)
                0x0000000008007400                __malloc_lock
 .text.__malloc_unlock
                0x000000000800740c        0xc c:/st/stm32cubeide_1.11.0/stm32cubeide/plugins/com.st.stm32cube.ide.mcu.externaltools.gnu-tools-for-stm32.10.3-2021.10.win32_1.0.100.202210260954/tools/bin/../lib/gcc/arm-none-eabi/10.3.1/../../../../arm-none-eabi/lib/thumb/v7e-m+fp/hard\libc_nano.a(lib_a-mlock.o)
                0x000000000800740c                __malloc_unlock
 .text._realloc_r
                0x0000000008007418       0x5e c:/st/stm32cubeide_1.11.0/stm32cubeide/plugins/com.st.stm32cube.ide.mcu.externaltools.gnu-tools-for-stm32.10.3-2021.10.win32_1.0.100.202210260954/tools/bin/../lib/gcc/arm-none-eabi/10.3.1/../../../../arm-none-eabi/lib/thumb/v7e-m+fp/hard\libc_nano.a(lib_a-nano-reallocr.o)
                0x0000000008007418                _realloc_r
 .text._raise_r
                0x0000000008007476       0x50 c:/st/stm32cubeide_1.11.0/stm32cubeide/plugins/com.st.stm32cube.ide.mcu.externaltools.gnu-tools-for-stm32.10.3-2021.10.win32_1.0.100.202210260954/tools/bin/../lib/gcc/arm-none-eabi/10.3.1/../../../../arm-none-eabi/lib/thumb/v7e-m+fp/hard\libc_nano.a(lib_a-signal.o)
                0x0000000008007476                _raise_r
 *fill*         0x00000000080074c6        0x2 
 .text.raise    0x00000000080074c8       0x10 c:/st/stm32cubeide_1.11.0/stm32cubeide/plugins/com.st.stm32cube.ide.mcu.externaltools.gnu-tools-for-stm32.10.3-2021.10.win32_1.0.100.202210260954/tools/bin/../lib/gcc/arm-none-eabi/10.3.1/../../../../arm-none-eabi/lib/thumb/v7e-m+fp/hard\libc_nano.a(lib_a-signal.o)
                0x00000000080074c8                raise
 .text._kill_r  0x00000000080074d8       0x24 c:/st/stm32cubeide_1.11.0/stm32cubeide/plugins/com.st.stm32cube.ide.mcu.externaltools.gnu-tools-for-stm32.10.3-2021.10.win32_1.0.100.202210260954/tools/bin/../lib/gcc/arm-none-eabi/10.3.1/../../../../arm-none-eabi/lib/thumb/v7e-m+fp/hard\libc_nano.a(lib_a-signalr.o)
                0x00000000080074d8                _kill_r
 .text._getpid_r
                0x00000000080074fc        0x4 c:/st/stm32cubeide_1.11.0/stm32cubeide/plugins/com.st.stm32cube.ide.mcu.externaltools.gnu-tools-for-stm32.10.3-2021.10.win32_1.0.100.202210260954/tools/bin/../lib/gcc/arm-none-eabi/10.3.1/../../../../arm-none-eabi/lib/thumb/v7e-m+fp/hard\libc_nano.a(lib_a-signalr.o)
                0x00000000080074fc                _getpid_r
 .text.__sread  0x0000000008007500       0x22 c:/st/stm32cubeide_1.11.0/stm32cubeide/plugins/com.st.stm32cube.ide.mcu.externaltools.gnu-tools-for-stm32.10.3-2021.10.win32_1.0.100.202210260954/tools/bin/../lib/gcc/arm-none-eabi/10.3.1/../../../../arm-none-eabi/lib/thumb/v7e-m+fp/hard\libc_nano.a(lib_a-stdio.o)
                0x0000000008007500                __sread
 .text.__swrite
                0x0000000008007522       0x38 c:/st/stm32cubeide_1.11.0/stm32cubeide/plugins/com.st.stm32cube.ide.mcu.externaltools.gnu-tools-for-stm32.10.3-2021.10.win32_1.0.100.202210260954/tools/bin/../lib/gcc/arm-none-eabi/10.3.1/../../../../arm-none-eabi/lib/thumb/v7e-m+fp/hard\libc_nano.a(lib_a-stdio.o)
                0x0000000008007522                __swrite
 .text.__sseek  0x000000000800755a       0x24 c:/st/stm32cubeide_1.11.0/stm32cubeide/plugins/com.st.stm32cube.ide.mcu.externaltools.gnu-tools-for-stm32.10.3-2021.10.win32_1.0.100.202210260954/tools/bin/../lib/gcc/arm-none-eabi/10.3.1/../../../../arm-none-eabi/lib/thumb/v7e-m+fp/hard\libc_nano.a(lib_a-stdio.o)
                0x000000000800755a                __sseek
 .text.__sclose
                0x000000000800757e        0x8 c:/st/stm32cubeide_1.11.0/stm32cubeide/plugins/com.st.stm32cube.ide.mcu.externaltools.gnu-tools-for-stm32.10.3-2021.10.win32_1.0.100.202210260954/tools/bin/../lib/gcc/arm-none-eabi/10.3.1/../../../../arm-none-eabi/lib/thumb/v7e-m+fp/hard\libc_nano.a(lib_a-stdio.o)
                0x000000000800757e                __sclose
 *fill*         0x0000000008007586        0x2 
 .text._write_r
                0x0000000008007588       0x24 c:/st/stm32cubeide_1.11.0/stm32cubeide/plugins/com.st.stm32cube.ide.mcu.externaltools.gnu-tools-for-stm32.10.3-2021.10.win32_1.0.100.202210260954/tools/bin/../lib/gcc/arm-none-eabi/10.3.1/../../../../arm-none-eabi/lib/thumb/v7e-m+fp/hard\libc_nano.a(lib_a-writer.o)
                0x0000000008007588                _write_r
 .text._close_r
                0x00000000080075ac       0x20 c:/st/stm32cubeide_1.11.0/stm32cubeide/plugins/com.st.stm32cube.ide.mcu.externaltools.gnu-tools-for-stm32.10.3-2021.10.win32_1.0.100.202210260954/tools/bin/../lib/gcc/arm-none-eabi/10.3.1/../../../../arm-none-eabi/lib/thumb/v7e-m+fp/hard\libc_nano.a(lib_a-closer.o)
                0x00000000080075ac                _close_r
 .text._fstat_r
                0x00000000080075cc       0x24 c:/st/stm32cubeide_1.11.0/stm32cubeide/plugins/com.st.stm32cube.ide.mcu.externaltools.gnu-tools-for-stm32.10.3-2021.10.win32_1.0.100.202210260954/tools/bin/../lib/gcc/arm-none-eabi/10.3.1/../../../../arm-none-eabi/lib/thumb/v7e-m+fp/hard\libc_nano.a(lib_a-fstatr.o)
                0x00000000080075cc                _fstat_r
 .text._isatty_r
                0x00000000080075f0       0x20 c:/st/stm32cubeide_1.11.0/stm32cubeide/plugins/com.st.stm32cube.ide.mcu.externaltools.gnu-tools-for-stm32.10.3-2021.10.win32_1.0.100.202210260954/tools/bin/../lib/gcc/arm-none-eabi/10.3.1/../../../../arm-none-eabi/lib/thumb/v7e-m+fp/hard\libc_nano.a(lib_a-isattyr.o)
                0x00000000080075f0                _isatty_r
 .text._lseek_r
                0x0000000008007610       0x24 c:/st/stm32cubeide_1.11.0/stm32cubeide/plugins/com.st.stm32cube.ide.mcu.externaltools.gnu-tools-for-stm32.10.3-2021.10.win32_1.0.100.202210260954/tools/bin/../lib/gcc/arm-none-eabi/10.3.1/../../../../arm-none-eabi/lib/thumb/v7e-m+fp/hard\libc_nano.a(lib_a-lseekr.o)
                0x0000000008007610                _lseek_r
 .text._malloc_usable_size_r
                0x0000000008007634       0x10 c:/st/stm32cubeide_1.11.0/stm32cubeide/plugins/com.st.stm32cube.ide.mcu.externaltools.gnu-tools-for-stm32.10.3-2021.10.win32_1.0.100.202210260954/tools/bin/../lib/gcc/arm-none-eabi/10.3.1/../../../../arm-none-eabi/lib/thumb/v7e-m+fp/hard\libc_nano.a(lib_a-nano-msizer.o)
                0x0000000008007634                _malloc_usable_size_r
 .text._read_r  0x0000000008007644       0x24 c:/st/stm32cubeide_1.11.0/stm32cubeide/plugins/com.st.stm32cube.ide.mcu.externaltools.gnu-tools-for-stm32.10.3-2021.10.win32_1.0.100.202210260954/tools/bin/../lib/gcc/arm-none-eabi/10.3.1/../../../../arm-none-eabi/lib/thumb/v7e-m+fp/hard\libc_nano.a(lib_a-readr.o)
                0x0000000008007644                _read_r
 .text._gettimeofday
                0x0000000008007668       0x10 c:/st/stm32cubeide_1.11.0/stm32cubeide/plugins/com.st.stm32cube.ide.mcu.externaltools.gnu-tools-for-stm32.10.3-2021.10.win32_1.0.100.202210260954/tools/bin/../lib/gcc/arm-none-eabi/10.3.1/../../../../arm-none-eabi/lib/thumb/v7e-m+fp/hard\libnosys.a(gettod.o)
                0x0000000008007668                _gettimeofday
 *(.glue_7)
 .glue_7        0x0000000008007678        0x0 linker stubs
 *(.glue_7t)
 .glue_7t       0x0000000008007678        0x0 linker stubs
 *(.eh_frame)
 .eh_frame      0x0000000008007678        0x0 c:/st/stm32cubeide_1.11.0/stm32cubeide/plugins/com.st.stm32cube.ide.mcu.externaltools.gnu-tools-for-stm32.10.3-2021.10.win32_1.0.100.202210260954/tools/bin/../lib/gcc/arm-none-eabi/10.3.1/thumb/v7e-m+fp/hard/crtbegin.o
 *(.init)
 .init          0x0000000008007678        0x4 c:/st/stm32cubeide_1.11.0/stm32cubeide/plugins/com.st.stm32cube.ide.mcu.externaltools.gnu-tools-for-stm32.10.3-2021.10.win32_1.0.100.202210260954/tools/bin/../lib/gcc/arm-none-eabi/10.3.1/thumb/v7e-m+fp/hard/crti.o
                0x0000000008007678                _init
 .init          0x000000000800767c        0x8 c:/st/stm32cubeide_1.11.0/stm32cubeide/plugins/com.st.stm32cube.ide.mcu.externaltools.gnu-tools-for-stm32.10.3-2021.10.win32_1.0.100.202210260954/tools/bin/../lib/gcc/arm-none-eabi/10.3.1/thumb/v7e-m+fp/hard/crtn.o
 *(.fini)
 .fini          0x0000000008007684        0x4 c:/st/stm32cubeide_1.11.0/stm32cubeide/plugins/com.st.stm32cube.ide.mcu.externaltools.gnu-tools-for-stm32.10.3-2021.10.win32_1.0.100.202210260954/tools/bin/../lib/gcc/arm-none-eabi/10.3.1/thumb/v7e-m+fp/hard/crti.o
                0x0000000008007684                _fini
 .fini          0x0000000008007688        0x8 c:/st/stm32cubeide_1.11.0/stm32cubeide/plugins/com.st.stm32cube.ide.mcu.externaltools.gnu-tools-for-stm32.10.3-2021.10.win32_1.0.100.202210260954/tools/bin/../lib/gcc/arm-none-eabi/10.3.1/thumb/v7e-m+fp/hard/crtn.o
                0x0000000008007690                . = ALIGN (0x4)
                0x0000000008007690                _etext = .

.vfp11_veneer   0x0000000008007690        0x0
 .vfp11_veneer  0x0000000008007690        0x0 linker stubs

.v4_bx          0x0000000008007690        0x0
 .v4_bx         0x0000000008007690        0x0 linker stubs

.iplt           0x0000000008007690        0x0
 .iplt          0x0000000008007690        0x0 c:/st/stm32cubeide_1.11.0/stm32cubeide/plugins/com.st.stm32cube.ide.mcu.externaltools.gnu-tools-for-stm32.10.3-2021.10.win32_1.0.100.202210260954/tools/bin/../lib/gcc/arm-none-eabi/10.3.1/thumb/v7e-m+fp/hard/crtbegin.o

.rodata         0x0000000008007690      0x2f0
                0x0000000008007690                . = ALIGN (0x4)
 *(.rodata)
 .rodata        0x0000000008007690      0x176 ./Core/Src/main.o
 *fill*         0x0000000008007806        0x2 
 .rodata        0x0000000008007808        0x5 ./Core/Src/tasks.o
 *fill*         0x000000000800780d        0x3 
 .rodata        0x0000000008007810        0xd ./Core/Src/timers.o
 *(.rodata*)
 *fill*         0x000000000800781d        0x3 
 .rodata.AHBPrescTable
                0x0000000008007820       0x10 ./Core/Src/system_stm32f4xx.o
                0x0000000008007820                AHBPrescTable
 .rodata.APBPrescTable
                0x0000000008007830        0x8 ./Core/Src/system_stm32f4xx.o
                0x0000000008007830                APBPrescTable
 .rodata._global_impure_ptr
                0x0000000008007838        0x4 c:/st/stm32cubeide_1.11.0/stm32cubeide/plugins/com.st.stm32cube.ide.mcu.externaltools.gnu-tools-for-stm32.10.3-2021.10.win32_1.0.100.202210260954/tools/bin/../lib/gcc/arm-none-eabi/10.3.1/../../../../arm-none-eabi/lib/thumb/v7e-m+fp/hard\libc_nano.a(lib_a-impure.o)
                0x0000000008007838                _global_impure_ptr
 .rodata.srand.str1.1
                0x000000000800783c       0x72 c:/st/stm32cubeide_1.11.0/stm32cubeide/plugins/com.st.stm32cube.ide.mcu.externaltools.gnu-tools-for-stm32.10.3-2021.10.win32_1.0.100.202210260954/tools/bin/../lib/gcc/arm-none-eabi/10.3.1/../../../../arm-none-eabi/lib/thumb/v7e-m+fp/hard\libc_nano.a(lib_a-rand.o)
 .rodata.__assert_func.str1.1
                0x00000000080078ae       0x3c c:/st/stm32cubeide_1.11.0/stm32cubeide/plugins/com.st.stm32cube.ide.mcu.externaltools.gnu-tools-for-stm32.10.3-2021.10.win32_1.0.100.202210260954/tools/bin/../lib/gcc/arm-none-eabi/10.3.1/../../../../arm-none-eabi/lib/thumb/v7e-m+fp/hard\libc_nano.a(lib_a-assert.o)
                                         0x3d (size before relaxing)
 .rodata._svfprintf_r.str1.1
                0x00000000080078ea       0x11 c:/st/stm32cubeide_1.11.0/stm32cubeide/plugins/com.st.stm32cube.ide.mcu.externaltools.gnu-tools-for-stm32.10.3-2021.10.win32_1.0.100.202210260954/tools/bin/../lib/gcc/arm-none-eabi/10.3.1/../../../../arm-none-eabi/lib/thumb/v7e-m+fp/hard\libc_nano.a(lib_a-nano-svfprintf.o)
 .rodata._vfprintf_r.str1.1
                0x00000000080078fb       0x11 c:/st/stm32cubeide_1.11.0/stm32cubeide/plugins/com.st.stm32cube.ide.mcu.externaltools.gnu-tools-for-stm32.10.3-2021.10.win32_1.0.100.202210260954/tools/bin/../lib/gcc/arm-none-eabi/10.3.1/../../../../arm-none-eabi/lib/thumb/v7e-m+fp/hard\libc_nano.a(lib_a-nano-vfprintf.o)
 .rodata._printf_i.str1.1
                0x00000000080078fb       0x22 c:/st/stm32cubeide_1.11.0/stm32cubeide/plugins/com.st.stm32cube.ide.mcu.externaltools.gnu-tools-for-stm32.10.3-2021.10.win32_1.0.100.202210260954/tools/bin/../lib/gcc/arm-none-eabi/10.3.1/../../../../arm-none-eabi/lib/thumb/v7e-m+fp/hard\libc_nano.a(lib_a-nano-vfprintf_i.o)
 *fill*         0x000000000800791d        0x3 
 .rodata.__sf_fake_stderr
                0x0000000008007920       0x20 c:/st/stm32cubeide_1.11.0/stm32cubeide/plugins/com.st.stm32cube.ide.mcu.externaltools.gnu-tools-for-stm32.10.3-2021.10.win32_1.0.100.202210260954/tools/bin/../lib/gcc/arm-none-eabi/10.3.1/../../../../arm-none-eabi/lib/thumb/v7e-m+fp/hard\libc_nano.a(lib_a-findfp.o)
                0x0000000008007920                __sf_fake_stderr
 .rodata.__sf_fake_stdin
                0x0000000008007940       0x20 c:/st/stm32cubeide_1.11.0/stm32cubeide/plugins/com.st.stm32cube.ide.mcu.externaltools.gnu-tools-for-stm32.10.3-2021.10.win32_1.0.100.202210260954/tools/bin/../lib/gcc/arm-none-eabi/10.3.1/../../../../arm-none-eabi/lib/thumb/v7e-m+fp/hard\libc_nano.a(lib_a-findfp.o)
                0x0000000008007940                __sf_fake_stdin
 .rodata.__sf_fake_stdout
                0x0000000008007960       0x20 c:/st/stm32cubeide_1.11.0/stm32cubeide/plugins/com.st.stm32cube.ide.mcu.externaltools.gnu-tools-for-stm32.10.3-2021.10.win32_1.0.100.202210260954/tools/bin/../lib/gcc/arm-none-eabi/10.3.1/../../../../arm-none-eabi/lib/thumb/v7e-m+fp/hard\libc_nano.a(lib_a-findfp.o)
                0x0000000008007960                __sf_fake_stdout
                0x0000000008007980                . = ALIGN (0x4)

.ARM.extab      0x0000000008007980        0x0
                0x0000000008007980                . = ALIGN (0x4)
 *(.ARM.extab* .gnu.linkonce.armextab.*)
                0x0000000008007980                . = ALIGN (0x4)

.ARM            0x0000000008007980        0x8
                0x0000000008007980                . = ALIGN (0x4)
                0x0000000008007980                __exidx_start = .
 *(.ARM.exidx*)
 .ARM.exidx     0x0000000008007980        0x8 c:/st/stm32cubeide_1.11.0/stm32cubeide/plugins/com.st.stm32cube.ide.mcu.externaltools.gnu-tools-for-stm32.10.3-2021.10.win32_1.0.100.202210260954/tools/bin/../lib/gcc/arm-none-eabi/10.3.1/thumb/v7e-m+fp/hard\libgcc.a(_udivmoddi4.o)
                0x0000000008007988                __exidx_end = .
                0x0000000008007988                . = ALIGN (0x4)

.rel.dyn        0x0000000008007988        0x0
 .rel.iplt      0x0000000008007988        0x0 c:/st/stm32cubeide_1.11.0/stm32cubeide/plugins/com.st.stm32cube.ide.mcu.externaltools.gnu-tools-for-stm32.10.3-2021.10.win32_1.0.100.202210260954/tools/bin/../lib/gcc/arm-none-eabi/10.3.1/thumb/v7e-m+fp/hard/crtbegin.o

.preinit_array  0x0000000008007988        0x0
                0x0000000008007988                . = ALIGN (0x4)
                0x0000000008007988                PROVIDE (__preinit_array_start = .)
 *(.preinit_array*)
                0x0000000008007988                PROVIDE (__preinit_array_end = .)
                0x0000000008007988                . = ALIGN (0x4)

.init_array     0x0000000008007988        0x4
                0x0000000008007988                . = ALIGN (0x4)
                0x0000000008007988                PROVIDE (__init_array_start = .)
 *(SORT_BY_NAME(.init_array.*))
 *(.init_array*)
 .init_array    0x0000000008007988        0x4 c:/st/stm32cubeide_1.11.0/stm32cubeide/plugins/com.st.stm32cube.ide.mcu.externaltools.gnu-tools-for-stm32.10.3-2021.10.win32_1.0.100.202210260954/tools/bin/../lib/gcc/arm-none-eabi/10.3.1/thumb/v7e-m+fp/hard/crtbegin.o
                0x000000000800798c                PROVIDE (__init_array_end = .)
                0x000000000800798c                . = ALIGN (0x4)

.fini_array     0x000000000800798c        0x4
                0x000000000800798c                . = ALIGN (0x4)
                [!provide]                        PROVIDE (__fini_array_start = .)
 *(SORT_BY_NAME(.fini_array.*))
 *(.fini_array*)
 .fini_array    0x000000000800798c        0x4 c:/st/stm32cubeide_1.11.0/stm32cubeide/plugins/com.st.stm32cube.ide.mcu.externaltools.gnu-tools-for-stm32.10.3-2021.10.win32_1.0.100.202210260954/tools/bin/../lib/gcc/arm-none-eabi/10.3.1/thumb/v7e-m+fp/hard/crtbegin.o
                [!provide]                        PROVIDE (__fini_array_end = .)
                0x0000000008007990                . = ALIGN (0x4)
                0x0000000008007990                _sidata = LOADADDR (.data)

.data           0x0000000020000000       0x78 load address 0x0000000008007990
                0x0000000020000000                . = ALIGN (0x4)
                0x0000000020000000                _sdata = .
 *(.data)
 *(.data*)
 .data.uxCriticalNesting
                0x0000000020000000        0x4 ./Core/Src/port.o
 .data.SystemCoreClock
                0x0000000020000004        0x4 ./Core/Src/system_stm32f4xx.o
                0x0000000020000004                SystemCoreClock
 .data.uxTopUsedPriority
                0x0000000020000008        0x4 ./Core/Src/tasks.o
                0x0000000020000008                uxTopUsedPriority
 .data.uwTickPrio
                0x000000002000000c        0x4 ./Drivers/STM32F4xx_HAL_Driver/Src/stm32f4xx_hal.o
                0x000000002000000c                uwTickPrio
 .data.uwTickFreq
                0x0000000020000010        0x1 ./Drivers/STM32F4xx_HAL_Driver/Src/stm32f4xx_hal.o
                0x0000000020000010                uwTickFreq
 *fill*         0x0000000020000011        0x3 
 .data._impure_ptr
                0x0000000020000014        0x4 c:/st/stm32cubeide_1.11.0/stm32cubeide/plugins/com.st.stm32cube.ide.mcu.externaltools.gnu-tools-for-stm32.10.3-2021.10.win32_1.0.100.202210260954/tools/bin/../lib/gcc/arm-none-eabi/10.3.1/../../../../arm-none-eabi/lib/thumb/v7e-m+fp/hard\libc_nano.a(lib_a-impure.o)
                0x0000000020000014                _impure_ptr
 .data.impure_data
                0x0000000020000018       0x60 c:/st/stm32cubeide_1.11.0/stm32cubeide/plugins/com.st.stm32cube.ide.mcu.externaltools.gnu-tools-for-stm32.10.3-2021.10.win32_1.0.100.202210260954/tools/bin/../lib/gcc/arm-none-eabi/10.3.1/../../../../arm-none-eabi/lib/thumb/v7e-m+fp/hard\libc_nano.a(lib_a-impure.o)
 *(.RamFunc)
 *(.RamFunc*)
                0x0000000020000078                . = ALIGN (0x4)
                0x0000000020000078                _edata = .
                0x0000000008007a08                _siccmram = LOADADDR (.ccmram)

.igot.plt       0x0000000020000078        0x0 load address 0x0000000008007a08
 .igot.plt      0x0000000020000078        0x0 c:/st/stm32cubeide_1.11.0/stm32cubeide/plugins/com.st.stm32cube.ide.mcu.externaltools.gnu-tools-for-stm32.10.3-2021.10.win32_1.0.100.202210260954/tools/bin/../lib/gcc/arm-none-eabi/10.3.1/thumb/v7e-m+fp/hard/crtbegin.o

.ccmram         0x0000000010000000        0x0 load address 0x0000000008007a08
                0x0000000010000000                . = ALIGN (0x4)
                0x0000000010000000                _sccmram = .
 *(.ccmram)
 *(.ccmram*)
                0x0000000010000000                . = ALIGN (0x4)
                0x0000000010000000                _eccmram = .
                0x0000000010000000                . = ALIGN (0x4)

.bss            0x0000000020000078    0x13360
                0x0000000020000078                _sbss = .
                0x0000000020000078                __bss_start__ = _sbss
 *(.bss)
 .bss           0x0000000020000078       0x1c c:/st/stm32cubeide_1.11.0/stm32cubeide/plugins/com.st.stm32cube.ide.mcu.externaltools.gnu-tools-for-stm32.10.3-2021.10.win32_1.0.100.202210260954/tools/bin/../lib/gcc/arm-none-eabi/10.3.1/thumb/v7e-m+fp/hard/crtbegin.o
 *(.bss*)
 .bss.hc05_huart
                0x0000000020000094        0x4 ./Core/Src/hc05.o
 .bss.rx_byte   0x0000000020000098        0x1 ./Core/Src/hc05.o
 *fill*         0x0000000020000099        0x3 
 .bss.ucHeap    0x000000002000009c    0x12c00 ./Core/Src/heap_4.o
 .bss.xStart    0x0000000020012c9c        0x8 ./Core/Src/heap_4.o
 .bss.pxEnd     0x0000000020012ca4        0x4 ./Core/Src/heap_4.o
 .bss.xFreeBytesRemaining
                0x0000000020012ca8        0x4 ./Core/Src/heap_4.o
 .bss.xMinimumEverFreeBytesRemaining
                0x0000000020012cac        0x4 ./Core/Src/heap_4.o
 .bss.xNumberOfSuccessfulAllocations
                0x0000000020012cb0        0x4 ./Core/Src/heap_4.o
 .bss.xNumberOfSuccessfulFrees
                0x0000000020012cb4        0x4 ./Core/Src/heap_4.o
 .bss.hi2c1     0x0000000020012cb8       0x54 ./Core/Src/i2c.o
                0x0000000020012cb8                hi2c1
 .bss.uart_rx_buffer
                0x0000000020012d0c        0x1 ./Core/Src/main.o
                0x0000000020012d0c                uart_rx_buffer
 *fill*         0x0000000020012d0d        0x3 
 .bss.app_rx_buffer
                0x0000000020012d10      0x400 ./Core/Src/main.o
                0x0000000020012d10                app_rx_buffer
 .bss.app_rx_write_pos
                0x0000000020013110        0x2 ./Core/Src/main.o
                0x0000000020013110                app_rx_write_pos
 .bss.app_state
                0x0000000020013112        0x1 ./Core/Src/main.o
                0x0000000020013112                app_state
 .bss.ucMaxSysCallPriority
                0x0000000020013113        0x1 ./Core/Src/port.o
 .bss.ulMaxPRIGROUPValue
                0x0000000020013114        0x4 ./Core/Src/port.o
 .bss.xQueueRegistry
                0x0000000020013118       0x40 ./Core/Src/queue.o
                0x0000000020013118                xQueueRegistry
 .bss.hspi1     0x0000000020013158       0x58 ./Core/Src/spi.o
                0x0000000020013158                hspi1
 .bss.htim1     0x00000000200131b0       0x48 ./Core/Src/stm32f4xx_hal_timebase_tim.o
                0x00000000200131b0                htim1
 .bss.__sbrk_heap_end
                0x00000000200131f8        0x4 ./Core/Src/sysmem.o
 .bss.pxCurrentTCB
                0x00000000200131fc        0x4 ./Core/Src/tasks.o
                0x00000000200131fc                pxCurrentTCB
 .bss.pxReadyTasksLists
                0x0000000020013200       0x64 ./Core/Src/tasks.o
 .bss.xDelayedTaskList1
                0x0000000020013264       0x14 ./Core/Src/tasks.o
 .bss.xDelayedTaskList2
                0x0000000020013278       0x14 ./Core/Src/tasks.o
 .bss.pxDelayedTaskList
                0x000000002001328c        0x4 ./Core/Src/tasks.o
 .bss.pxOverflowDelayedTaskList
                0x0000000020013290        0x4 ./Core/Src/tasks.o
 .bss.xPendingReadyList
                0x0000000020013294       0x14 ./Core/Src/tasks.o
 .bss.xTasksWaitingTermination
                0x00000000200132a8       0x14 ./Core/Src/tasks.o
 .bss.uxDeletedTasksWaitingCleanUp
                0x00000000200132bc        0x4 ./Core/Src/tasks.o
 .bss.xSuspendedTaskList
                0x00000000200132c0       0x14 ./Core/Src/tasks.o
 .bss.uxCurrentNumberOfTasks
                0x00000000200132d4        0x4 ./Core/Src/tasks.o
 .bss.xTickCount
                0x00000000200132d8        0x4 ./Core/Src/tasks.o
 .bss.uxTopReadyPriority
                0x00000000200132dc        0x4 ./Core/Src/tasks.o
 .bss.xSchedulerRunning
                0x00000000200132e0        0x4 ./Core/Src/tasks.o
 .bss.xPendedTicks
                0x00000000200132e4        0x4 ./Core/Src/tasks.o
 .bss.xYieldPending
                0x00000000200132e8        0x4 ./Core/Src/tasks.o
 .bss.xNumOfOverflows
                0x00000000200132ec        0x4 ./Core/Src/tasks.o
 .bss.uxTaskNumber
                0x00000000200132f0        0x4 ./Core/Src/tasks.o
 .bss.xNextTaskUnblockTime
                0x00000000200132f4        0x4 ./Core/Src/tasks.o
 .bss.xIdleTaskHandle
                0x00000000200132f8        0x4 ./Core/Src/tasks.o
 .bss.uxSchedulerSuspended
                0x00000000200132fc        0x4 ./Core/Src/tasks.o
 .bss.xActiveTimerList1
                0x0000000020013300       0x14 ./Core/Src/timers.o
 .bss.xActiveTimerList2
                0x0000000020013314       0x14 ./Core/Src/timers.o
 .bss.pxCurrentTimerList
                0x0000000020013328        0x4 ./Core/Src/timers.o
 .bss.pxOverflowTimerList
                0x000000002001332c        0x4 ./Core/Src/timers.o
 .bss.xTimerQueue
                0x0000000020013330        0x4 ./Core/Src/timers.o
 .bss.xTimerTaskHandle
                0x0000000020013334        0x4 ./Core/Src/timers.o
 .bss.xLastTime.0
                0x0000000020013338        0x4 ./Core/Src/timers.o
 .bss.huart2    0x000000002001333c       0x44 ./Core/Src/usart.o
                0x000000002001333c                huart2
 .bss.huart3    0x0000000020013380       0x44 ./Core/Src/usart.o
                0x0000000020013380                huart3
 .bss.uwTick    0x00000000200133c4        0x4 ./Drivers/STM32F4xx_HAL_Driver/Src/stm32f4xx_hal.o
                0x00000000200133c4                uwTick
 .bss.__malloc_free_list
                0x00000000200133c8        0x4 c:/st/stm32cubeide_1.11.0/stm32cubeide/plugins/com.st.stm32cube.ide.mcu.externaltools.gnu-tools-for-stm32.10.3-2021.10.win32_1.0.100.202210260954/tools/bin/../lib/gcc/arm-none-eabi/10.3.1/../../../../arm-none-eabi/lib/thumb/v7e-m+fp/hard\libc_nano.a(lib_a-nano-mallocr.o)
                0x00000000200133c8                __malloc_free_list
 .bss.__malloc_sbrk_start
                0x00000000200133cc        0x4 c:/st/stm32cubeide_1.11.0/stm32cubeide/plugins/com.st.stm32cube.ide.mcu.externaltools.gnu-tools-for-stm32.10.3-2021.10.win32_1.0.100.202210260954/tools/bin/../lib/gcc/arm-none-eabi/10.3.1/../../../../arm-none-eabi/lib/thumb/v7e-m+fp/hard\libc_nano.a(lib_a-nano-mallocr.o)
                0x00000000200133cc                __malloc_sbrk_start
 .bss.errno     0x00000000200133d0        0x4 c:/st/stm32cubeide_1.11.0/stm32cubeide/plugins/com.st.stm32cube.ide.mcu.externaltools.gnu-tools-for-stm32.10.3-2021.10.win32_1.0.100.202210260954/tools/bin/../lib/gcc/arm-none-eabi/10.3.1/../../../../arm-none-eabi/lib/thumb/v7e-m+fp/hard\libc_nano.a(lib_a-reent.o)
                0x00000000200133d0                errno
 .bss.__lock___malloc_recursive_mutex
                0x00000000200133d4        0x1 c:/st/stm32cubeide_1.11.0/stm32cubeide/plugins/com.st.stm32cube.ide.mcu.externaltools.gnu-tools-for-stm32.10.3-2021.10.win32_1.0.100.202210260954/tools/bin/../lib/gcc/arm-none-eabi/10.3.1/../../../../arm-none-eabi/lib/thumb/v7e-m+fp/hard\libc_nano.a(lib_a-lock.o)
                0x00000000200133d4                __lock___malloc_recursive_mutex
 .bss.__lock___sfp_recursive_mutex
                0x00000000200133d5        0x1 c:/st/stm32cubeide_1.11.0/stm32cubeide/plugins/com.st.stm32cube.ide.mcu.externaltools.gnu-tools-for-stm32.10.3-2021.10.win32_1.0.100.202210260954/tools/bin/../lib/gcc/arm-none-eabi/10.3.1/../../../../arm-none-eabi/lib/thumb/v7e-m+fp/hard\libc_nano.a(lib_a-lock.o)
                0x00000000200133d5                __lock___sfp_recursive_mutex
 .bss.__lock___sinit_recursive_mutex
                0x00000000200133d6        0x1 c:/st/stm32cubeide_1.11.0/stm32cubeide/plugins/com.st.stm32cube.ide.mcu.externaltools.gnu-tools-for-stm32.10.3-2021.10.win32_1.0.100.202210260954/tools/bin/../lib/gcc/arm-none-eabi/10.3.1/../../../../arm-none-eabi/lib/thumb/v7e-m+fp/hard\libc_nano.a(lib_a-lock.o)
                0x00000000200133d6                __lock___sinit_recursive_mutex
 *(COMMON)
                0x00000000200133d8                . = ALIGN (0x4)
 *fill*         0x00000000200133d7        0x1 
                0x00000000200133d8                _ebss = .
                0x00000000200133d8                __bss_end__ = _ebss

._user_heap_stack
                0x00000000200133d8      0x600
                0x00000000200133d8                . = ALIGN (0x8)
                [!provide]                        PROVIDE (end = .)
                0x00000000200133d8                PROVIDE (_end = .)
                0x00000000200135d8                . = (. + _Min_Heap_Size)
 *fill*         0x00000000200133d8      0x200 
                0x00000000200139d8                . = (. + _Min_Stack_Size)
 *fill*         0x00000000200135d8      0x400 
                0x00000000200139d8                . = ALIGN (0x8)

/DISCARD/
 libc.a(*)
 libm.a(*)
 libgcc.a(*)

.ARM.attributes
                0x0000000000000000       0x30
 *(.ARM.attributes)
 .ARM.attributes
                0x0000000000000000       0x1e c:/st/stm32cubeide_1.11.0/stm32cubeide/plugins/com.st.stm32cube.ide.mcu.externaltools.gnu-tools-for-stm32.10.3-2021.10.win32_1.0.100.202210260954/tools/bin/../lib/gcc/arm-none-eabi/10.3.1/thumb/v7e-m+fp/hard/crti.o
 .ARM.attributes
                0x000000000000001e       0x34 c:/st/stm32cubeide_1.11.0/stm32cubeide/plugins/com.st.stm32cube.ide.mcu.externaltools.gnu-tools-for-stm32.10.3-2021.10.win32_1.0.100.202210260954/tools/bin/../lib/gcc/arm-none-eabi/10.3.1/thumb/v7e-m+fp/hard/crtbegin.o
 .ARM.attributes
                0x0000000000000052       0x34 ./Core/Src/gpio.o
 .ARM.attributes
                0x0000000000000086       0x34 ./Core/Src/hc05.o
 .ARM.attributes
                0x00000000000000ba       0x34 ./Core/Src/heap_4.o
 .ARM.attributes
                0x00000000000000ee       0x34 ./Core/Src/i2c.o
 .ARM.attributes
                0x0000000000000122       0x34 ./Core/Src/list.o
 .ARM.attributes
                0x0000000000000156       0x34 ./Core/Src/m95640_driver.o
 .ARM.attributes
                0x000000000000018a       0x34 ./Core/Src/main.o
 .ARM.attributes
                0x00000000000001be       0x34 ./Core/Src/port.o
 .ARM.attributes
                0x00000000000001f2       0x34 ./Core/Src/queue.o
 .ARM.attributes
                0x0000000000000226       0x34 ./Core/Src/spi.o
 .ARM.attributes
                0x000000000000025a       0x34 ./Core/Src/stm32f4xx_hal_msp.o
 .ARM.attributes
                0x000000000000028e       0x34 ./Core/Src/stm32f4xx_hal_timebase_tim.o
 .ARM.attributes
                0x00000000000002c2       0x34 ./Core/Src/stm32f4xx_it.o
 .ARM.attributes
                0x00000000000002f6       0x34 ./Core/Src/syscalls.o
 .ARM.attributes
                0x000000000000032a       0x34 ./Core/Src/sysmem.o
 .ARM.attributes
                0x000000000000035e       0x34 ./Core/Src/system_stm32f4xx.o
 .ARM.attributes
                0x0000000000000392       0x34 ./Core/Src/tasks.o
 .ARM.attributes
                0x00000000000003c6       0x34 ./Core/Src/timers.o
 .ARM.attributes
                0x00000000000003fa       0x34 ./Core/Src/usart.o
 .ARM.attributes
                0x000000000000042e       0x21 ./Core/Startup/startup_stm32f405rgtx.o
 .ARM.attributes
                0x000000000000044f       0x34 ./Drivers/STM32F4xx_HAL_Driver/Src/stm32f4xx_hal.o
 .ARM.attributes
                0x0000000000000483       0x34 ./Drivers/STM32F4xx_HAL_Driver/Src/stm32f4xx_hal_cortex.o
 .ARM.attributes
                0x00000000000004b7       0x34 ./Drivers/STM32F4xx_HAL_Driver/Src/stm32f4xx_hal_dma.o
 .ARM.attributes
                0x00000000000004eb       0x34 ./Drivers/STM32F4xx_HAL_Driver/Src/stm32f4xx_hal_gpio.o
 .ARM.attributes
                0x000000000000051f       0x34 ./Drivers/STM32F4xx_HAL_Driver/Src/stm32f4xx_hal_i2c.o
 .ARM.attributes
                0x0000000000000553       0x34 ./Drivers/STM32F4xx_HAL_Driver/Src/stm32f4xx_hal_rcc.o
 .ARM.attributes
                0x0000000000000587       0x34 ./Drivers/STM32F4xx_HAL_Driver/Src/stm32f4xx_hal_spi.o
 .ARM.attributes
                0x00000000000005bb       0x34 ./Drivers/STM32F4xx_HAL_Driver/Src/stm32f4xx_hal_tim.o
 .ARM.attributes
                0x00000000000005ef       0x34 ./Drivers/STM32F4xx_HAL_Driver/Src/stm32f4xx_hal_tim_ex.o
 .ARM.attributes
                0x0000000000000623       0x34 ./Drivers/STM32F4xx_HAL_Driver/Src/stm32f4xx_hal_uart.o
 .ARM.attributes
                0x0000000000000657       0x34 c:/st/stm32cubeide_1.11.0/stm32cubeide/plugins/com.st.stm32cube.ide.mcu.externaltools.gnu-tools-for-stm32.10.3-2021.10.win32_1.0.100.202210260954/tools/bin/../lib/gcc/arm-none-eabi/10.3.1/../../../../arm-none-eabi/lib/thumb/v7e-m+fp/hard\libc_nano.a(lib_a-errno.o)
 .ARM.attributes
                0x000000000000068b       0x34 c:/st/stm32cubeide_1.11.0/stm32cubeide/plugins/com.st.stm32cube.ide.mcu.externaltools.gnu-tools-for-stm32.10.3-2021.10.win32_1.0.100.202210260954/tools/bin/../lib/gcc/arm-none-eabi/10.3.1/../../../../arm-none-eabi/lib/thumb/v7e-m+fp/hard\libc_nano.a(lib_a-impure.o)
 .ARM.attributes
                0x00000000000006bf       0x34 c:/st/stm32cubeide_1.11.0/stm32cubeide/plugins/com.st.stm32cube.ide.mcu.externaltools.gnu-tools-for-stm32.10.3-2021.10.win32_1.0.100.202210260954/tools/bin/../lib/gcc/arm-none-eabi/10.3.1/../../../../arm-none-eabi/lib/thumb/v7e-m+fp/hard\libc_nano.a(lib_a-init.o)
 .ARM.attributes
                0x00000000000006f3       0x34 c:/st/stm32cubeide_1.11.0/stm32cubeide/plugins/com.st.stm32cube.ide.mcu.externaltools.gnu-tools-for-stm32.10.3-2021.10.win32_1.0.100.202210260954/tools/bin/../lib/gcc/arm-none-eabi/10.3.1/../../../../arm-none-eabi/lib/thumb/v7e-m+fp/hard\libc_nano.a(lib_a-memcpy-stub.o)
 .ARM.attributes
                0x0000000000000727       0x34 c:/st/stm32cubeide_1.11.0/stm32cubeide/plugins/com.st.stm32cube.ide.mcu.externaltools.gnu-tools-for-stm32.10.3-2021.10.win32_1.0.100.202210260954/tools/bin/../lib/gcc/arm-none-eabi/10.3.1/../../../../arm-none-eabi/lib/thumb/v7e-m+fp/hard\libc_nano.a(lib_a-memset.o)
 .ARM.attributes
                0x000000000000075b       0x34 c:/st/stm32cubeide_1.11.0/stm32cubeide/plugins/com.st.stm32cube.ide.mcu.externaltools.gnu-tools-for-stm32.10.3-2021.10.win32_1.0.100.202210260954/tools/bin/../lib/gcc/arm-none-eabi/10.3.1/../../../../arm-none-eabi/lib/thumb/v7e-m+fp/hard\libc_nano.a(lib_a-rand.o)
 .ARM.attributes
                0x000000000000078f       0x34 c:/st/stm32cubeide_1.11.0/stm32cubeide/plugins/com.st.stm32cube.ide.mcu.externaltools.gnu-tools-for-stm32.10.3-2021.10.win32_1.0.100.202210260954/tools/bin/../lib/gcc/arm-none-eabi/10.3.1/../../../../arm-none-eabi/lib/thumb/v7e-m+fp/hard\libc_nano.a(lib_a-sprintf.o)
 .ARM.attributes
                0x00000000000007c3       0x17 c:/st/stm32cubeide_1.11.0/stm32cubeide/plugins/com.st.stm32cube.ide.mcu.externaltools.gnu-tools-for-stm32.10.3-2021.10.win32_1.0.100.202210260954/tools/bin/../lib/gcc/arm-none-eabi/10.3.1/../../../../arm-none-eabi/lib/thumb/v7e-m+fp/hard\libc_nano.a(lib_a-strlen.o)
 .ARM.attributes
                0x00000000000007da       0x34 c:/st/stm32cubeide_1.11.0/stm32cubeide/plugins/com.st.stm32cube.ide.mcu.externaltools.gnu-tools-for-stm32.10.3-2021.10.win32_1.0.100.202210260954/tools/bin/../lib/gcc/arm-none-eabi/10.3.1/../../../../arm-none-eabi/lib/thumb/v7e-m+fp/hard\libc_nano.a(lib_a-strstr.o)
 .ARM.attributes
                0x000000000000080e       0x34 c:/st/stm32cubeide_1.11.0/stm32cubeide/plugins/com.st.stm32cube.ide.mcu.externaltools.gnu-tools-for-stm32.10.3-2021.10.win32_1.0.100.202210260954/tools/bin/../lib/gcc/arm-none-eabi/10.3.1/../../../../arm-none-eabi/lib/thumb/v7e-m+fp/hard\libc_nano.a(lib_a-time.o)
 .ARM.attributes
                0x0000000000000842       0x34 c:/st/stm32cubeide_1.11.0/stm32cubeide/plugins/com.st.stm32cube.ide.mcu.externaltools.gnu-tools-for-stm32.10.3-2021.10.win32_1.0.100.202210260954/tools/bin/../lib/gcc/arm-none-eabi/10.3.1/../../../../arm-none-eabi/lib/thumb/v7e-m+fp/hard\libc_nano.a(lib_a-assert.o)
 .ARM.attributes
                0x0000000000000876       0x34 c:/st/stm32cubeide_1.11.0/stm32cubeide/plugins/com.st.stm32cube.ide.mcu.externaltools.gnu-tools-for-stm32.10.3-2021.10.win32_1.0.100.202210260954/tools/bin/../lib/gcc/arm-none-eabi/10.3.1/../../../../arm-none-eabi/lib/thumb/v7e-m+fp/hard\libc_nano.a(lib_a-fprintf.o)
 .ARM.attributes
                0x00000000000008aa       0x34 c:/st/stm32cubeide_1.11.0/stm32cubeide/plugins/com.st.stm32cube.ide.mcu.externaltools.gnu-tools-for-stm32.10.3-2021.10.win32_1.0.100.202210260954/tools/bin/../lib/gcc/arm-none-eabi/10.3.1/../../../../arm-none-eabi/lib/thumb/v7e-m+fp/hard\libc_nano.a(lib_a-gettimeofdayr.o)
 .ARM.attributes
                0x00000000000008de       0x34 c:/st/stm32cubeide_1.11.0/stm32cubeide/plugins/com.st.stm32cube.ide.mcu.externaltools.gnu-tools-for-stm32.10.3-2021.10.win32_1.0.100.202210260954/tools/bin/../lib/gcc/arm-none-eabi/10.3.1/../../../../arm-none-eabi/lib/thumb/v7e-m+fp/hard\libc_nano.a(lib_a-malloc.o)
 .ARM.attributes
                0x0000000000000912       0x34 c:/st/stm32cubeide_1.11.0/stm32cubeide/plugins/com.st.stm32cube.ide.mcu.externaltools.gnu-tools-for-stm32.10.3-2021.10.win32_1.0.100.202210260954/tools/bin/../lib/gcc/arm-none-eabi/10.3.1/../../../../arm-none-eabi/lib/thumb/v7e-m+fp/hard\libc_nano.a(lib_a-nano-freer.o)
 .ARM.attributes
                0x0000000000000946       0x34 c:/st/stm32cubeide_1.11.0/stm32cubeide/plugins/com.st.stm32cube.ide.mcu.externaltools.gnu-tools-for-stm32.10.3-2021.10.win32_1.0.100.202210260954/tools/bin/../lib/gcc/arm-none-eabi/10.3.1/../../../../arm-none-eabi/lib/thumb/v7e-m+fp/hard\libc_nano.a(lib_a-nano-mallocr.o)
 .ARM.attributes
                0x000000000000097a       0x34 c:/st/stm32cubeide_1.11.0/stm32cubeide/plugins/com.st.stm32cube.ide.mcu.externaltools.gnu-tools-for-stm32.10.3-2021.10.win32_1.0.100.202210260954/tools/bin/../lib/gcc/arm-none-eabi/10.3.1/../../../../arm-none-eabi/lib/thumb/v7e-m+fp/hard\libc_nano.a(lib_a-nano-svfprintf.o)
 .ARM.attributes
                0x00000000000009ae       0x34 c:/st/stm32cubeide_1.11.0/stm32cubeide/plugins/com.st.stm32cube.ide.mcu.externaltools.gnu-tools-for-stm32.10.3-2021.10.win32_1.0.100.202210260954/tools/bin/../lib/gcc/arm-none-eabi/10.3.1/../../../../arm-none-eabi/lib/thumb/v7e-m+fp/hard\libc_nano.a(lib_a-nano-vfprintf.o)
 .ARM.attributes