../Core/Src/main.c:103:19:MAX30100_WriteReg	32	static
../Core/Src/main.c:108:19:MAX30100_ReadReg	32	static
../Core/Src/main.c:112:6:MAX30100_Init	8	static
../Core/Src/main.c:124:6:MAX30100_ReadFIFO	64	dynamic
../Core/Src/main.c:142:6:clear_app_buffer	8	static
../Core/Src/main.c:147:6:esp32_send_command	16	static
../Core/Src/main.c:152:6:esp32_wait_for_response	24	static
../Core/Src/main.c:163:5:getRandom_0_to_50	8	static
../Core/Src/main.c:168:5:getRandom_90_to_110	8	static
../Core/Src/main.c:191:5:main	16	static
../Core/Src/main.c:250:6:SystemClock_Config	88	static
../Core/Src/main.c:294:6:thingSpeakTask	544	static
../Core/Src/main.c:401:6:HAL_UART_RxCpltCallback	16	static
../Core/Src/main.c:429:6:HAL_TIM_PeriodElapsedCallback	16	static
../Core/Src/main.c:446:6:Error_Handler	4	static,ignoring_inline_asm
